Archive member included because of file (symbol)

.\CortexM0\ARM_GCC_473\Debug\EYESAT_EPM.a(cyfitter_cfg.o)
                              .\CortexM0\ARM_GCC_473\Debug\Cm0Start.o (cyfitter_cfg)
.\CortexM0\ARM_GCC_473\Debug\EYESAT_EPM.a(I2CS.o)
                              .\CortexM0\ARM_GCC_473\Debug\main.o (I2CS_Start)
.\CortexM0\ARM_GCC_473\Debug\EYESAT_EPM.a(I2CS_I2C.o)
                              .\CortexM0\ARM_GCC_473\Debug\EYESAT_EPM.a(I2CS.o) (I2CS_I2CInit)
.\CortexM0\ARM_GCC_473\Debug\EYESAT_EPM.a(I2CS_I2C_SLAVE.o)
                              .\CortexM0\ARM_GCC_473\Debug\EYESAT_EPM.a(I2CS_I2C.o) (I2CS_slStatus)
.\CortexM0\ARM_GCC_473\Debug\EYESAT_EPM.a(I2CS_PM.o)
                              .\CortexM0\ARM_GCC_473\Debug\main.o (I2CS_Sleep)
.\CortexM0\ARM_GCC_473\Debug\EYESAT_EPM.a(PWM.o)
                              .\CortexM0\ARM_GCC_473\Debug\main.o (PWM_Start)
.\CortexM0\ARM_GCC_473\Debug\EYESAT_EPM.a(Control_Reg.o)
                              .\CortexM0\ARM_GCC_473\Debug\main.o (Control_Reg_Write)
.\CortexM0\ARM_GCC_473\Debug\EYESAT_EPM.a(Counter_1.o)
                              .\CortexM0\ARM_GCC_473\Debug\main.o (Counter_1_Start)
.\CortexM0\ARM_GCC_473\Debug\EYESAT_EPM.a(hall.o)
                              .\CortexM0\ARM_GCC_473\Debug\main.o (hall_Read)
.\CortexM0\ARM_GCC_473\Debug\EYESAT_EPM.a(EEPROM.o)
                              .\CortexM0\ARM_GCC_473\Debug\main.o (EEPROM_Start)
.\CortexM0\ARM_GCC_473\Debug\EYESAT_EPM.a(CyBootAsmGnu.o)
                              .\CortexM0\ARM_GCC_473\Debug\EYESAT_EPM.a(cyfitter_cfg.o) (CyDelayCycles)
.\CortexM0\ARM_GCC_473\Debug\EYESAT_EPM.a(CyFlash.o)
                              .\CortexM0\ARM_GCC_473\Debug\EYESAT_EPM.a(EEPROM.o) (CySysFlashWriteRow)
.\CortexM0\ARM_GCC_473\Debug\EYESAT_EPM.a(CyLib.o)
                              .\CortexM0\ARM_GCC_473\Debug\main.o (CyDelayUs)
.\CortexM0\ARM_GCC_473\Debug\EYESAT_EPM.a(cyPm.o)
                              .\CortexM0\ARM_GCC_473\Debug\main.o (CySysPmSleep)
.\CortexM0\ARM_GCC_473\Debug\EYESAT_EPM.a(I2CS_I2C_INT.o)
                              .\CortexM0\ARM_GCC_473\Debug\EYESAT_EPM.a(I2CS_I2C.o) (I2CS_I2C_ISR)
f:/appli/cypress/psoc creator/3.0/psoc creator/import/gnu_cs/arm/4.7.3/bin/../lib/gcc/arm-none-eabi/4.7.3/armv6-m\libgcc.a(_udivsi3.o)
                              .\CortexM0\ARM_GCC_473\Debug\EYESAT_EPM.a(CyLib.o) (__aeabi_uidiv)
f:/appli/cypress/psoc creator/3.0/psoc creator/import/gnu_cs/arm/4.7.3/bin/../lib/gcc/arm-none-eabi/4.7.3/armv6-m\libgcc.a(_divsi3.o)
                              .\CortexM0\ARM_GCC_473\Debug\Cm0Start.o (__aeabi_idiv)
f:/appli/cypress/psoc creator/3.0/psoc creator/import/gnu_cs/arm/4.7.3/bin/../lib/gcc/arm-none-eabi/4.7.3/armv6-m\libgcc.a(_dvmd_tls.o)
                              f:/appli/cypress/psoc creator/3.0/psoc creator/import/gnu_cs/arm/4.7.3/bin/../lib/gcc/arm-none-eabi/4.7.3/armv6-m\libgcc.a(_udivsi3.o) (__aeabi_idiv0)
f:/appli/cypress/psoc creator/3.0/psoc creator/import/gnu_cs/arm/4.7.3/bin/../lib/gcc/arm-none-eabi/4.7.3/../../../../arm-none-eabi/lib/armv6-m\libc_s.a(lib_a-__atexit2.o)
                              f:/appli/cypress/psoc creator/3.0/psoc creator/import/gnu_cs/arm/4.7.3/bin/../lib/gcc/arm-none-eabi/4.7.3/../../../../arm-none-eabi/lib/armv6-m/crt0.o (__register_exitproc)
f:/appli/cypress/psoc creator/3.0/psoc creator/import/gnu_cs/arm/4.7.3/bin/../lib/gcc/arm-none-eabi/4.7.3/../../../../arm-none-eabi/lib/armv6-m\libc_s.a(lib_a-exit.o)
                              f:/appli/cypress/psoc creator/3.0/psoc creator/import/gnu_cs/arm/4.7.3/bin/../lib/gcc/arm-none-eabi/4.7.3/../../../../arm-none-eabi/lib/armv6-m/crt0.o (exit)
f:/appli/cypress/psoc creator/3.0/psoc creator/import/gnu_cs/arm/4.7.3/bin/../lib/gcc/arm-none-eabi/4.7.3/../../../../arm-none-eabi/lib/armv6-m\libc_s.a(lib_a-fini.o)
                              f:/appli/cypress/psoc creator/3.0/psoc creator/import/gnu_cs/arm/4.7.3/bin/../lib/gcc/arm-none-eabi/4.7.3/../../../../arm-none-eabi/lib/armv6-m/crt0.o (__libc_fini_array)
f:/appli/cypress/psoc creator/3.0/psoc creator/import/gnu_cs/arm/4.7.3/bin/../lib/gcc/arm-none-eabi/4.7.3/../../../../arm-none-eabi/lib/armv6-m\libc_s.a(lib_a-impure.o)
                              f:/appli/cypress/psoc creator/3.0/psoc creator/import/gnu_cs/arm/4.7.3/bin/../lib/gcc/arm-none-eabi/4.7.3/../../../../arm-none-eabi/lib/armv6-m\libc_s.a(lib_a-exit.o) (_global_impure_ptr)
f:/appli/cypress/psoc creator/3.0/psoc creator/import/gnu_cs/arm/4.7.3/bin/../lib/gcc/arm-none-eabi/4.7.3/../../../../arm-none-eabi/lib/armv6-m\libc_s.a(lib_a-init.o)
                              f:/appli/cypress/psoc creator/3.0/psoc creator/import/gnu_cs/arm/4.7.3/bin/../lib/gcc/arm-none-eabi/4.7.3/../../../../arm-none-eabi/lib/armv6-m/crt0.o (__libc_init_array)
f:/appli/cypress/psoc creator/3.0/psoc creator/import/gnu_cs/arm/4.7.3/bin/../lib/gcc/arm-none-eabi/4.7.3/../../../../arm-none-eabi/lib/armv6-m\libc_s.a(lib_a-memcpy.o)
                              .\CortexM0\ARM_GCC_473\Debug\EYESAT_EPM.a(cyfitter_cfg.o) (memcpy)
f:/appli/cypress/psoc creator/3.0/psoc creator/import/gnu_cs/arm/4.7.3/bin/../lib/gcc/arm-none-eabi/4.7.3/../../../../arm-none-eabi/lib/armv6-m\libc_s.a(lib_a-memset.o)
                              f:/appli/cypress/psoc creator/3.0/psoc creator/import/gnu_cs/arm/4.7.3/bin/../lib/gcc/arm-none-eabi/4.7.3/../../../../arm-none-eabi/lib/armv6-m/crt0.o (memset)

Allocating common symbols
Common symbol       size              file

POSITION_SUIVANTE   0x1               .\CortexM0\ARM_GCC_473\Debug\main.o
I2CS_state          0x1               .\CortexM0\ARM_GCC_473\Debug\EYESAT_EPM.a(I2CS_I2C.o)
wBuffer             0x1               .\CortexM0\ARM_GCC_473\Debug\main.o
I2CS_slRdBufIndex   0x4               .\CortexM0\ARM_GCC_473\Debug\EYESAT_EPM.a(I2CS_I2C_SLAVE.o)
I2CS_slWrBufIndex   0x4               .\CortexM0\ARM_GCC_473\Debug\EYESAT_EPM.a(I2CS_I2C_SLAVE.o)
I2CS_slWrBufSize    0x4               .\CortexM0\ARM_GCC_473\Debug\EYESAT_EPM.a(I2CS_I2C_SLAVE.o)
I2CS_slRdBufSize    0x4               .\CortexM0\ARM_GCC_473\Debug\EYESAT_EPM.a(I2CS_I2C_SLAVE.o)
I2CS_slRdBufPtr     0x4               .\CortexM0\ARM_GCC_473\Debug\EYESAT_EPM.a(I2CS_I2C_SLAVE.o)
I2CS_slStatus       0x1               .\CortexM0\ARM_GCC_473\Debug\EYESAT_EPM.a(I2CS_I2C_SLAVE.o)
I2CS_slRdBufIndexTmp
                    0x4               .\CortexM0\ARM_GCC_473\Debug\EYESAT_EPM.a(I2CS_I2C_SLAVE.o)
commande_ODB        0x1               .\CortexM0\ARM_GCC_473\Debug\main.o
commande_avant_reset
                    0x1               .\CortexM0\ARM_GCC_473\Debug\main.o
I2CS_slWrBufPtr     0x4               .\CortexM0\ARM_GCC_473\Debug\EYESAT_EPM.a(I2CS_I2C_SLAVE.o)
I2CS_slOverFlowCount
                    0x1               .\CortexM0\ARM_GCC_473\Debug\EYESAT_EPM.a(I2CS_I2C_SLAVE.o)
status              0x4               .\CortexM0\ARM_GCC_473\Debug\main.o

Discarded input sections

 .text          0x00000000        0x0 f:/appli/cypress/psoc creator/3.0/psoc creator/import/gnu_cs/arm/4.7.3/bin/../lib/gcc/arm-none-eabi/4.7.3/armv6-m/crti.o
 .data          0x00000000        0x0 f:/appli/cypress/psoc creator/3.0/psoc creator/import/gnu_cs/arm/4.7.3/bin/../lib/gcc/arm-none-eabi/4.7.3/armv6-m/crti.o
 .bss           0x00000000        0x0 f:/appli/cypress/psoc creator/3.0/psoc creator/import/gnu_cs/arm/4.7.3/bin/../lib/gcc/arm-none-eabi/4.7.3/armv6-m/crti.o
 .data          0x00000000        0x4 f:/appli/cypress/psoc creator/3.0/psoc creator/import/gnu_cs/arm/4.7.3/bin/../lib/gcc/arm-none-eabi/4.7.3/armv6-m/crtbegin.o
 .text          0x00000000       0x74 f:/appli/cypress/psoc creator/3.0/psoc creator/import/gnu_cs/arm/4.7.3/bin/../lib/gcc/arm-none-eabi/4.7.3/../../../../arm-none-eabi/lib/armv6-m/crt0.o
 .data          0x00000000        0x0 f:/appli/cypress/psoc creator/3.0/psoc creator/import/gnu_cs/arm/4.7.3/bin/../lib/gcc/arm-none-eabi/4.7.3/../../../../arm-none-eabi/lib/armv6-m/crt0.o
 .bss           0x00000000        0x0 f:/appli/cypress/psoc creator/3.0/psoc creator/import/gnu_cs/arm/4.7.3/bin/../lib/gcc/arm-none-eabi/4.7.3/../../../../arm-none-eabi/lib/armv6-m/crt0.o
 .ARM.extab     0x00000000        0x0 f:/appli/cypress/psoc creator/3.0/psoc creator/import/gnu_cs/arm/4.7.3/bin/../lib/gcc/arm-none-eabi/4.7.3/../../../../arm-none-eabi/lib/armv6-m/crt0.o
 .ARM.exidx     0x00000000        0x8 f:/appli/cypress/psoc creator/3.0/psoc creator/import/gnu_cs/arm/4.7.3/bin/../lib/gcc/arm-none-eabi/4.7.3/../../../../arm-none-eabi/lib/armv6-m/crt0.o
 .text          0x00000000        0x0 .\CortexM0\ARM_GCC_473\Debug\main.o
 .text          0x00000000        0x0 .\CortexM0\ARM_GCC_473\Debug\cymetadata.o
 .data          0x00000000        0x0 .\CortexM0\ARM_GCC_473\Debug\cymetadata.o
 .bss           0x00000000        0x0 .\CortexM0\ARM_GCC_473\Debug\cymetadata.o
 .text          0x00000000        0x0 .\CortexM0\ARM_GCC_473\Debug\Cm0Start.o
 .data          0x00000000        0x0 .\CortexM0\ARM_GCC_473\Debug\Cm0Start.o
 .bss           0x00000000        0x0 .\CortexM0\ARM_GCC_473\Debug\Cm0Start.o
 .text._exit    0x00000000       0x28 .\CortexM0\ARM_GCC_473\Debug\Cm0Start.o
 .text          0x00000000        0x0 .\CortexM0\ARM_GCC_473\Debug\EYESAT_EPM.a(cyfitter_cfg.o)
 .bss           0x00000000        0x0 .\CortexM0\ARM_GCC_473\Debug\EYESAT_EPM.a(cyfitter_cfg.o)
 .text.CYCONFIGCPY
                0x00000000       0x24 .\CortexM0\ARM_GCC_473\Debug\EYESAT_EPM.a(cyfitter_cfg.o)
 .text.CYCONFIGCPYCODE
                0x00000000       0x24 .\CortexM0\ARM_GCC_473\Debug\EYESAT_EPM.a(cyfitter_cfg.o)
 .text          0x00000000        0x0 .\CortexM0\ARM_GCC_473\Debug\EYESAT_EPM.a(I2CS.o)
 .data          0x00000000        0x0 .\CortexM0\ARM_GCC_473\Debug\EYESAT_EPM.a(I2CS.o)
 .text.I2CS_Stop
                0x00000000       0x28 .\CortexM0\ARM_GCC_473\Debug\EYESAT_EPM.a(I2CS.o)
 .text.I2CS_SetCustomInterruptHandler
                0x00000000       0x18 .\CortexM0\ARM_GCC_473\Debug\EYESAT_EPM.a(I2CS.o)
 .text.I2CS_ScbModeStop
                0x00000000        0xc .\CortexM0\ARM_GCC_473\Debug\EYESAT_EPM.a(I2CS.o)
 .text          0x00000000        0x0 .\CortexM0\ARM_GCC_473\Debug\EYESAT_EPM.a(I2CS_I2C.o)
 .data          0x00000000        0x0 .\CortexM0\ARM_GCC_473\Debug\EYESAT_EPM.a(I2CS_I2C.o)
 .bss           0x00000000        0x0 .\CortexM0\ARM_GCC_473\Debug\EYESAT_EPM.a(I2CS_I2C.o)
 .text.I2CS_I2CStop
                0x00000000       0x24 .\CortexM0\ARM_GCC_473\Debug\EYESAT_EPM.a(I2CS_I2C.o)
 .text          0x00000000        0x0 .\CortexM0\ARM_GCC_473\Debug\EYESAT_EPM.a(I2CS_I2C_SLAVE.o)
 .data          0x00000000        0x0 .\CortexM0\ARM_GCC_473\Debug\EYESAT_EPM.a(I2CS_I2C_SLAVE.o)
 .bss           0x00000000        0x0 .\CortexM0\ARM_GCC_473\Debug\EYESAT_EPM.a(I2CS_I2C_SLAVE.o)
 .text.I2CS_I2CSlaveSetAddress
                0x00000000       0x34 .\CortexM0\ARM_GCC_473\Debug\EYESAT_EPM.a(I2CS_I2C_SLAVE.o)
 .text.I2CS_I2CSlaveSetAddressMask
                0x00000000       0x34 .\CortexM0\ARM_GCC_473\Debug\EYESAT_EPM.a(I2CS_I2C_SLAVE.o)
 .text.I2CS_I2CSlaveGetReadBufSize
                0x00000000       0x14 .\CortexM0\ARM_GCC_473\Debug\EYESAT_EPM.a(I2CS_I2C_SLAVE.o)
 .text.I2CS_I2CSlaveGetWriteBufSize
                0x00000000       0x14 .\CortexM0\ARM_GCC_473\Debug\EYESAT_EPM.a(I2CS_I2C_SLAVE.o)
 .text          0x00000000        0x0 .\CortexM0\ARM_GCC_473\Debug\EYESAT_EPM.a(I2CS_PM.o)
 .data          0x00000000        0x0 .\CortexM0\ARM_GCC_473\Debug\EYESAT_EPM.a(I2CS_PM.o)
 .bss           0x00000000        0x0 .\CortexM0\ARM_GCC_473\Debug\EYESAT_EPM.a(I2CS_PM.o)
 .text          0x00000000        0x0 .\CortexM0\ARM_GCC_473\Debug\EYESAT_EPM.a(PWM.o)
 .data          0x00000000        0x0 .\CortexM0\ARM_GCC_473\Debug\EYESAT_EPM.a(PWM.o)
 .text.PWM_Stop
                0x00000000       0x1c .\CortexM0\ARM_GCC_473\Debug\EYESAT_EPM.a(PWM.o)
 .text.PWM_ReadCounter
                0x00000000       0x1c .\CortexM0\ARM_GCC_473\Debug\EYESAT_EPM.a(PWM.o)
 .text.PWM_ReadControlRegister
                0x00000000       0x20 .\CortexM0\ARM_GCC_473\Debug\EYESAT_EPM.a(PWM.o)
 .text.PWM_WriteControlRegister
                0x00000000       0x20 .\CortexM0\ARM_GCC_473\Debug\EYESAT_EPM.a(PWM.o)
 .text.PWM_ReadCapture
                0x00000000       0x14 .\CortexM0\ARM_GCC_473\Debug\EYESAT_EPM.a(PWM.o)
 .text.PWM_ReadCompare
                0x00000000       0x14 .\CortexM0\ARM_GCC_473\Debug\EYESAT_EPM.a(PWM.o)
 .text.PWM_ReadPeriod
                0x00000000       0x14 .\CortexM0\ARM_GCC_473\Debug\EYESAT_EPM.a(PWM.o)
 .text          0x00000000        0x0 .\CortexM0\ARM_GCC_473\Debug\EYESAT_EPM.a(Control_Reg.o)
 .data          0x00000000        0x0 .\CortexM0\ARM_GCC_473\Debug\EYESAT_EPM.a(Control_Reg.o)
 .bss           0x00000000        0x0 .\CortexM0\ARM_GCC_473\Debug\EYESAT_EPM.a(Control_Reg.o)
 .text.Control_Reg_Read
                0x00000000       0x14 .\CortexM0\ARM_GCC_473\Debug\EYESAT_EPM.a(Control_Reg.o)
 .text          0x00000000        0x0 .\CortexM0\ARM_GCC_473\Debug\EYESAT_EPM.a(Counter_1.o)
 .data          0x00000000        0x0 .\CortexM0\ARM_GCC_473\Debug\EYESAT_EPM.a(Counter_1.o)
 .text.Counter_1_Stop
                0x00000000        0x8 .\CortexM0\ARM_GCC_473\Debug\EYESAT_EPM.a(Counter_1.o)
 .text.Counter_1_ReadPeriod
                0x00000000       0x14 .\CortexM0\ARM_GCC_473\Debug\EYESAT_EPM.a(Counter_1.o)
 .text.Counter_1_ReadCompare
                0x00000000       0x14 .\CortexM0\ARM_GCC_473\Debug\EYESAT_EPM.a(Counter_1.o)
 .text          0x00000000        0x0 .\CortexM0\ARM_GCC_473\Debug\EYESAT_EPM.a(hall.o)
 .data          0x00000000        0x0 .\CortexM0\ARM_GCC_473\Debug\EYESAT_EPM.a(hall.o)
 .bss           0x00000000        0x0 .\CortexM0\ARM_GCC_473\Debug\EYESAT_EPM.a(hall.o)
 .text.hall_Write
                0x00000000       0x4c .\CortexM0\ARM_GCC_473\Debug\EYESAT_EPM.a(hall.o)
 .text.hall_SetDriveMode
                0x00000000       0x30 .\CortexM0\ARM_GCC_473\Debug\EYESAT_EPM.a(hall.o)
 .text.hall_ReadDataReg
                0x00000000       0x1c .\CortexM0\ARM_GCC_473\Debug\EYESAT_EPM.a(hall.o)
 .text.hall_ClearInterrupt
                0x00000000       0x30 .\CortexM0\ARM_GCC_473\Debug\EYESAT_EPM.a(hall.o)
 .text          0x00000000        0x0 .\CortexM0\ARM_GCC_473\Debug\EYESAT_EPM.a(EEPROM.o)
 .data          0x00000000        0x0 .\CortexM0\ARM_GCC_473\Debug\EYESAT_EPM.a(EEPROM.o)
 .bss           0x00000000        0x0 .\CortexM0\ARM_GCC_473\Debug\EYESAT_EPM.a(EEPROM.o)
 .text.EEPROM_Stop
                0x00000000        0x8 .\CortexM0\ARM_GCC_473\Debug\EYESAT_EPM.a(EEPROM.o)
 .data          0x00000000        0x0 .\CortexM0\ARM_GCC_473\Debug\EYESAT_EPM.a(CyBootAsmGnu.o)
 .bss           0x00000000        0x0 .\CortexM0\ARM_GCC_473\Debug\EYESAT_EPM.a(CyBootAsmGnu.o)
 .text          0x00000000        0x0 .\CortexM0\ARM_GCC_473\Debug\EYESAT_EPM.a(CyFlash.o)
 .data          0x00000000        0x0 .\CortexM0\ARM_GCC_473\Debug\EYESAT_EPM.a(CyFlash.o)
 .bss           0x00000000        0x0 .\CortexM0\ARM_GCC_473\Debug\EYESAT_EPM.a(CyFlash.o)
 .text.CySysFlashSetWaitCycles
                0x00000000       0x4c .\CortexM0\ARM_GCC_473\Debug\EYESAT_EPM.a(CyFlash.o)
 .text          0x00000000        0x0 .\CortexM0\ARM_GCC_473\Debug\EYESAT_EPM.a(CyLib.o)
 .bss           0x00000000        0x0 .\CortexM0\ARM_GCC_473\Debug\EYESAT_EPM.a(CyLib.o)
 .text.CySysClkImoStart
                0x00000000       0x1c .\CortexM0\ARM_GCC_473\Debug\EYESAT_EPM.a(CyLib.o)
 .text.CySysClkImoStop
                0x00000000       0x18 .\CortexM0\ARM_GCC_473\Debug\EYESAT_EPM.a(CyLib.o)
 .text.CySysClkIloStop
                0x00000000       0x18 .\CortexM0\ARM_GCC_473\Debug\EYESAT_EPM.a(CyLib.o)
 .text.CySysClkWriteHfclkDirect
                0x00000000       0x44 .\CortexM0\ARM_GCC_473\Debug\EYESAT_EPM.a(CyLib.o)
 .text.CySysClkWriteSysclkDiv
                0x00000000       0x44 .\CortexM0\ARM_GCC_473\Debug\EYESAT_EPM.a(CyLib.o)
 .text.CySysClkWriteImoFreq
                0x00000000      0x200 .\CortexM0\ARM_GCC_473\Debug\EYESAT_EPM.a(CyLib.o)
 .text.CySysWdtLock
                0x00000000       0x44 .\CortexM0\ARM_GCC_473\Debug\EYESAT_EPM.a(CyLib.o)
 .text.CySysWdtUnlock
                0x00000000       0x5c .\CortexM0\ARM_GCC_473\Debug\EYESAT_EPM.a(CyLib.o)
 .text.CySysWdtReadMode
                0x00000000       0x24 .\CortexM0\ARM_GCC_473\Debug\EYESAT_EPM.a(CyLib.o)
 .text.CySysWdtWriteClearOnMatch
                0x00000000       0x68 .\CortexM0\ARM_GCC_473\Debug\EYESAT_EPM.a(CyLib.o)
 .text.CySysWdtReadClearOnMatch
                0x00000000       0x40 .\CortexM0\ARM_GCC_473\Debug\EYESAT_EPM.a(CyLib.o)
 .text.CySysWdtWriteCascade
                0x00000000       0x68 .\CortexM0\ARM_GCC_473\Debug\EYESAT_EPM.a(CyLib.o)
 .text.CySysWdtReadCascade
                0x00000000       0x1c .\CortexM0\ARM_GCC_473\Debug\EYESAT_EPM.a(CyLib.o)
 .text.CySysWdtWriteMatch
                0x00000000       0x74 .\CortexM0\ARM_GCC_473\Debug\EYESAT_EPM.a(CyLib.o)
 .text.CySysWdtWriteToggleBit
                0x00000000       0x54 .\CortexM0\ARM_GCC_473\Debug\EYESAT_EPM.a(CyLib.o)
 .text.CySysWdtReadToggleBit
                0x00000000       0x18 .\CortexM0\ARM_GCC_473\Debug\EYESAT_EPM.a(CyLib.o)
 .text.CySysWdtReadMatch
                0x00000000       0x44 .\CortexM0\ARM_GCC_473\Debug\EYESAT_EPM.a(CyLib.o)
 .text.CySysWdtReadCount
                0x00000000       0x54 .\CortexM0\ARM_GCC_473\Debug\EYESAT_EPM.a(CyLib.o)
 .text.CySysWdtGetInterruptSource
                0x00000000       0x1c .\CortexM0\ARM_GCC_473\Debug\EYESAT_EPM.a(CyLib.o)
 .text.CySysLvdEnable
                0x00000000       0x48 .\CortexM0\ARM_GCC_473\Debug\EYESAT_EPM.a(CyLib.o)
 .text.CySysLvdDisable
                0x00000000       0x28 .\CortexM0\ARM_GCC_473\Debug\EYESAT_EPM.a(CyLib.o)
 .text.CySysLvdGetInterruptSource
                0x00000000       0x18 .\CortexM0\ARM_GCC_473\Debug\EYESAT_EPM.a(CyLib.o)
 .text.CySysLvdClearInterrupt
                0x00000000       0x14 .\CortexM0\ARM_GCC_473\Debug\EYESAT_EPM.a(CyLib.o)
 .text.CySysGetResetReason
                0x00000000       0x30 .\CortexM0\ARM_GCC_473\Debug\EYESAT_EPM.a(CyLib.o)
 .text.CyDisableInts
                0x00000000       0x24 .\CortexM0\ARM_GCC_473\Debug\EYESAT_EPM.a(CyLib.o)
 .text.CyEnableInts
                0x00000000       0x18 .\CortexM0\ARM_GCC_473\Debug\EYESAT_EPM.a(CyLib.o)
 .text.CyIntSetSysVector
                0x00000000       0x48 .\CortexM0\ARM_GCC_473\Debug\EYESAT_EPM.a(CyLib.o)
 .text.CyIntGetSysVector
                0x00000000       0x34 .\CortexM0\ARM_GCC_473\Debug\EYESAT_EPM.a(CyLib.o)
 .text.CyIntGetVector
                0x00000000       0x38 .\CortexM0\ARM_GCC_473\Debug\EYESAT_EPM.a(CyLib.o)
 .text.CyIntGetPriority
                0x00000000       0x58 .\CortexM0\ARM_GCC_473\Debug\EYESAT_EPM.a(CyLib.o)
 .text.CyIntGetState
                0x00000000       0x34 .\CortexM0\ARM_GCC_473\Debug\EYESAT_EPM.a(CyLib.o)
 .text.CyIntSetPending
                0x00000000       0x2c .\CortexM0\ARM_GCC_473\Debug\EYESAT_EPM.a(CyLib.o)
 .text.CyIntClearPending
                0x00000000       0x2c .\CortexM0\ARM_GCC_473\Debug\EYESAT_EPM.a(CyLib.o)
 .text.CySoftwareReset
                0x00000000       0x20 .\CortexM0\ARM_GCC_473\Debug\EYESAT_EPM.a(CyLib.o)
 .text.CyDelay  0x00000000       0x48 .\CortexM0\ARM_GCC_473\Debug\EYESAT_EPM.a(CyLib.o)
 .text.CyDelayFreq
                0x00000000       0x80 .\CortexM0\ARM_GCC_473\Debug\EYESAT_EPM.a(CyLib.o)
 .rodata        0x00000000       0x30 .\CortexM0\ARM_GCC_473\Debug\EYESAT_EPM.a(CyLib.o)
 .text          0x00000000        0x0 .\CortexM0\ARM_GCC_473\Debug\EYESAT_EPM.a(cyPm.o)
 .data          0x00000000        0x0 .\CortexM0\ARM_GCC_473\Debug\EYESAT_EPM.a(cyPm.o)
 .bss           0x00000000        0x0 .\CortexM0\ARM_GCC_473\Debug\EYESAT_EPM.a(cyPm.o)
 .text.CySysPmDeepSleep
                0x00000000       0x6c .\CortexM0\ARM_GCC_473\Debug\EYESAT_EPM.a(cyPm.o)
 .text.CySysPmHibernate
                0x00000000       0x6c .\CortexM0\ARM_GCC_473\Debug\EYESAT_EPM.a(cyPm.o)
 .text.CySysPmStop
                0x00000000       0x34 .\CortexM0\ARM_GCC_473\Debug\EYESAT_EPM.a(cyPm.o)
 .text.CySysPmSetWakeupPolarity
                0x00000000       0x4c .\CortexM0\ARM_GCC_473\Debug\EYESAT_EPM.a(cyPm.o)
 .text.CySysPmGetResetReason
                0x00000000       0x40 .\CortexM0\ARM_GCC_473\Debug\EYESAT_EPM.a(cyPm.o)
 .text.CySysPmFreezeIo
                0x00000000       0x5c .\CortexM0\ARM_GCC_473\Debug\EYESAT_EPM.a(cyPm.o)
 .text.CySysPmUnfreezeIo
                0x00000000       0x4c .\CortexM0\ARM_GCC_473\Debug\EYESAT_EPM.a(cyPm.o)
 .text          0x00000000        0x0 .\CortexM0\ARM_GCC_473\Debug\EYESAT_EPM.a(I2CS_I2C_INT.o)
 .data          0x00000000        0x0 .\CortexM0\ARM_GCC_473\Debug\EYESAT_EPM.a(I2CS_I2C_INT.o)
 .bss           0x00000000        0x0 .\CortexM0\ARM_GCC_473\Debug\EYESAT_EPM.a(I2CS_I2C_INT.o)
 .text          0x00000000       0x9c f:/appli/cypress/psoc creator/3.0/psoc creator/import/gnu_cs/arm/4.7.3/bin/../lib/gcc/arm-none-eabi/4.7.3/armv6-m\libgcc.a(_udivsi3.o)
 .data          0x00000000        0x0 f:/appli/cypress/psoc creator/3.0/psoc creator/import/gnu_cs/arm/4.7.3/bin/../lib/gcc/arm-none-eabi/4.7.3/armv6-m\libgcc.a(_udivsi3.o)
 .bss           0x00000000        0x0 f:/appli/cypress/psoc creator/3.0/psoc creator/import/gnu_cs/arm/4.7.3/bin/../lib/gcc/arm-none-eabi/4.7.3/armv6-m\libgcc.a(_udivsi3.o)
 .data          0x00000000        0x0 f:/appli/cypress/psoc creator/3.0/psoc creator/import/gnu_cs/arm/4.7.3/bin/../lib/gcc/arm-none-eabi/4.7.3/armv6-m\libgcc.a(_divsi3.o)
 .bss           0x00000000        0x0 f:/appli/cypress/psoc creator/3.0/psoc creator/import/gnu_cs/arm/4.7.3/bin/../lib/gcc/arm-none-eabi/4.7.3/armv6-m\libgcc.a(_divsi3.o)
 .data          0x00000000        0x0 f:/appli/cypress/psoc creator/3.0/psoc creator/import/gnu_cs/arm/4.7.3/bin/../lib/gcc/arm-none-eabi/4.7.3/armv6-m\libgcc.a(_dvmd_tls.o)
 .bss           0x00000000        0x0 f:/appli/cypress/psoc creator/3.0/psoc creator/import/gnu_cs/arm/4.7.3/bin/../lib/gcc/arm-none-eabi/4.7.3/armv6-m\libgcc.a(_dvmd_tls.o)
 .text          0x00000000        0x0 f:/appli/cypress/psoc creator/3.0/psoc creator/import/gnu_cs/arm/4.7.3/bin/../lib/gcc/arm-none-eabi/4.7.3/../../../../arm-none-eabi/lib/armv6-m\libc_s.a(lib_a-__atexit2.o)
 .data          0x00000000        0x0 f:/appli/cypress/psoc creator/3.0/psoc creator/import/gnu_cs/arm/4.7.3/bin/../lib/gcc/arm-none-eabi/4.7.3/../../../../arm-none-eabi/lib/armv6-m\libc_s.a(lib_a-__atexit2.o)
 .bss           0x00000000        0x0 f:/appli/cypress/psoc creator/3.0/psoc creator/import/gnu_cs/arm/4.7.3/bin/../lib/gcc/arm-none-eabi/4.7.3/../../../../arm-none-eabi/lib/armv6-m\libc_s.a(lib_a-__atexit2.o)
 .text.__register_exitproc
                0x00000000       0x18 f:/appli/cypress/psoc creator/3.0/psoc creator/import/gnu_cs/arm/4.7.3/bin/../lib/gcc/arm-none-eabi/4.7.3/../../../../arm-none-eabi/lib/armv6-m\libc_s.a(lib_a-__atexit2.o)
 .text          0x00000000        0x0 f:/appli/cypress/psoc creator/3.0/psoc creator/import/gnu_cs/arm/4.7.3/bin/../lib/gcc/arm-none-eabi/4.7.3/../../../../arm-none-eabi/lib/armv6-m\libc_s.a(lib_a-exit.o)
 .data          0x00000000        0x0 f:/appli/cypress/psoc creator/3.0/psoc creator/import/gnu_cs/arm/4.7.3/bin/../lib/gcc/arm-none-eabi/4.7.3/../../../../arm-none-eabi/lib/armv6-m\libc_s.a(lib_a-exit.o)
 .bss           0x00000000        0x0 f:/appli/cypress/psoc creator/3.0/psoc creator/import/gnu_cs/arm/4.7.3/bin/../lib/gcc/arm-none-eabi/4.7.3/../../../../arm-none-eabi/lib/armv6-m\libc_s.a(lib_a-exit.o)
 .text.exit     0x00000000       0x30 f:/appli/cypress/psoc creator/3.0/psoc creator/import/gnu_cs/arm/4.7.3/bin/../lib/gcc/arm-none-eabi/4.7.3/../../../../arm-none-eabi/lib/armv6-m\libc_s.a(lib_a-exit.o)
 .text          0x00000000        0x0 f:/appli/cypress/psoc creator/3.0/psoc creator/import/gnu_cs/arm/4.7.3/bin/../lib/gcc/arm-none-eabi/4.7.3/../../../../arm-none-eabi/lib/armv6-m\libc_s.a(lib_a-fini.o)
 .data          0x00000000        0x0 f:/appli/cypress/psoc creator/3.0/psoc creator/import/gnu_cs/arm/4.7.3/bin/../lib/gcc/arm-none-eabi/4.7.3/../../../../arm-none-eabi/lib/armv6-m\libc_s.a(lib_a-fini.o)
 .bss           0x00000000        0x0 f:/appli/cypress/psoc creator/3.0/psoc creator/import/gnu_cs/arm/4.7.3/bin/../lib/gcc/arm-none-eabi/4.7.3/../../../../arm-none-eabi/lib/armv6-m\libc_s.a(lib_a-fini.o)
 .text.__libc_fini_array
                0x00000000       0x2c f:/appli/cypress/psoc creator/3.0/psoc creator/import/gnu_cs/arm/4.7.3/bin/../lib/gcc/arm-none-eabi/4.7.3/../../../../arm-none-eabi/lib/armv6-m\libc_s.a(lib_a-fini.o)
 .text          0x00000000        0x0 f:/appli/cypress/psoc creator/3.0/psoc creator/import/gnu_cs/arm/4.7.3/bin/../lib/gcc/arm-none-eabi/4.7.3/../../../../arm-none-eabi/lib/armv6-m\libc_s.a(lib_a-impure.o)
 .data          0x00000000        0x0 f:/appli/cypress/psoc creator/3.0/psoc creator/import/gnu_cs/arm/4.7.3/bin/../lib/gcc/arm-none-eabi/4.7.3/../../../../arm-none-eabi/lib/armv6-m\libc_s.a(lib_a-impure.o)
 .bss           0x00000000        0x0 f:/appli/cypress/psoc creator/3.0/psoc creator/import/gnu_cs/arm/4.7.3/bin/../lib/gcc/arm-none-eabi/4.7.3/../../../../arm-none-eabi/lib/armv6-m\libc_s.a(lib_a-impure.o)
 .data.impure_data
                0x00000000       0x64 f:/appli/cypress/psoc creator/3.0/psoc creator/import/gnu_cs/arm/4.7.3/bin/../lib/gcc/arm-none-eabi/4.7.3/../../../../arm-none-eabi/lib/armv6-m\libc_s.a(lib_a-impure.o)
 .data._impure_ptr
                0x00000000        0x4 f:/appli/cypress/psoc creator/3.0/psoc creator/import/gnu_cs/arm/4.7.3/bin/../lib/gcc/arm-none-eabi/4.7.3/../../../../arm-none-eabi/lib/armv6-m\libc_s.a(lib_a-impure.o)
 .rodata.str1.1
                0x00000000        0x2 f:/appli/cypress/psoc creator/3.0/psoc creator/import/gnu_cs/arm/4.7.3/bin/../lib/gcc/arm-none-eabi/4.7.3/../../../../arm-none-eabi/lib/armv6-m\libc_s.a(lib_a-impure.o)
 .rodata._global_impure_ptr
                0x00000000        0x4 f:/appli/cypress/psoc creator/3.0/psoc creator/import/gnu_cs/arm/4.7.3/bin/../lib/gcc/arm-none-eabi/4.7.3/../../../../arm-none-eabi/lib/armv6-m\libc_s.a(lib_a-impure.o)
 .text          0x00000000        0x0 f:/appli/cypress/psoc creator/3.0/psoc creator/import/gnu_cs/arm/4.7.3/bin/../lib/gcc/arm-none-eabi/4.7.3/../../../../arm-none-eabi/lib/armv6-m\libc_s.a(lib_a-init.o)
 .data          0x00000000        0x0 f:/appli/cypress/psoc creator/3.0/psoc creator/import/gnu_cs/arm/4.7.3/bin/../lib/gcc/arm-none-eabi/4.7.3/../../../../arm-none-eabi/lib/armv6-m\libc_s.a(lib_a-init.o)
 .bss           0x00000000        0x0 f:/appli/cypress/psoc creator/3.0/psoc creator/import/gnu_cs/arm/4.7.3/bin/../lib/gcc/arm-none-eabi/4.7.3/../../../../arm-none-eabi/lib/armv6-m\libc_s.a(lib_a-init.o)
 .text          0x00000000        0x0 f:/appli/cypress/psoc creator/3.0/psoc creator/import/gnu_cs/arm/4.7.3/bin/../lib/gcc/arm-none-eabi/4.7.3/../../../../arm-none-eabi/lib/armv6-m\libc_s.a(lib_a-memcpy.o)
 .data          0x00000000        0x0 f:/appli/cypress/psoc creator/3.0/psoc creator/import/gnu_cs/arm/4.7.3/bin/../lib/gcc/arm-none-eabi/4.7.3/../../../../arm-none-eabi/lib/armv6-m\libc_s.a(lib_a-memcpy.o)
 .bss           0x00000000        0x0 f:/appli/cypress/psoc creator/3.0/psoc creator/import/gnu_cs/arm/4.7.3/bin/../lib/gcc/arm-none-eabi/4.7.3/../../../../arm-none-eabi/lib/armv6-m\libc_s.a(lib_a-memcpy.o)
 .text          0x00000000        0x0 f:/appli/cypress/psoc creator/3.0/psoc creator/import/gnu_cs/arm/4.7.3/bin/../lib/gcc/arm-none-eabi/4.7.3/../../../../arm-none-eabi/lib/armv6-m\libc_s.a(lib_a-memset.o)
 .data          0x00000000        0x0 f:/appli/cypress/psoc creator/3.0/psoc creator/import/gnu_cs/arm/4.7.3/bin/../lib/gcc/arm-none-eabi/4.7.3/../../../../arm-none-eabi/lib/armv6-m\libc_s.a(lib_a-memset.o)
 .bss           0x00000000        0x0 f:/appli/cypress/psoc creator/3.0/psoc creator/import/gnu_cs/arm/4.7.3/bin/../lib/gcc/arm-none-eabi/4.7.3/../../../../arm-none-eabi/lib/armv6-m\libc_s.a(lib_a-memset.o)
 .text          0x00000000        0x0 f:/appli/cypress/psoc creator/3.0/psoc creator/import/gnu_cs/arm/4.7.3/bin/../lib/gcc/arm-none-eabi/4.7.3/armv6-m/crtend.o
 .data          0x00000000        0x0 f:/appli/cypress/psoc creator/3.0/psoc creator/import/gnu_cs/arm/4.7.3/bin/../lib/gcc/arm-none-eabi/4.7.3/armv6-m/crtend.o
 .bss           0x00000000        0x0 f:/appli/cypress/psoc creator/3.0/psoc creator/import/gnu_cs/arm/4.7.3/bin/../lib/gcc/arm-none-eabi/4.7.3/armv6-m/crtend.o
 .text          0x00000000        0x0 f:/appli/cypress/psoc creator/3.0/psoc creator/import/gnu_cs/arm/4.7.3/bin/../lib/gcc/arm-none-eabi/4.7.3/armv6-m/crtn.o
 .data          0x00000000        0x0 f:/appli/cypress/psoc creator/3.0/psoc creator/import/gnu_cs/arm/4.7.3/bin/../lib/gcc/arm-none-eabi/4.7.3/armv6-m/crtn.o
 .bss           0x00000000        0x0 f:/appli/cypress/psoc creator/3.0/psoc creator/import/gnu_cs/arm/4.7.3/bin/../lib/gcc/arm-none-eabi/4.7.3/armv6-m/crtn.o

Memory Configuration

Name             Origin             Length             Attributes
rom              0x00000000         0x00008000         xr
ram              0x20000000         0x00001000         xrw
*default*        0x00000000         0xffffffff

Linker script and memory map

LOAD f:/appli/cypress/psoc creator/3.0/psoc creator/import/gnu_cs/arm/4.7.3/bin/../lib/gcc/arm-none-eabi/4.7.3/armv6-m/crti.o
LOAD f:/appli/cypress/psoc creator/3.0/psoc creator/import/gnu_cs/arm/4.7.3/bin/../lib/gcc/arm-none-eabi/4.7.3/armv6-m/crtbegin.o
LOAD f:/appli/cypress/psoc creator/3.0/psoc creator/import/gnu_cs/arm/4.7.3/bin/../lib/gcc/arm-none-eabi/4.7.3/../../../../arm-none-eabi/lib/armv6-m/crt0.o
START GROUP
LOAD .\CortexM0\ARM_GCC_473\Debug\main.o
LOAD .\CortexM0\ARM_GCC_473\Debug\cymetadata.o
LOAD .\CortexM0\ARM_GCC_473\Debug\Cm0Start.o
LOAD .\CortexM0\ARM_GCC_473\Debug\EYESAT_EPM.a
LOAD F:\appli\Cypress\PSoC Creator\3.0\PSoC Creator\psoc\content\cycomponentlibrary\CyComponentLibrary.cylib\CortexM0\ARM_GCC_473\Debug\CyComponentLibrary.a
END GROUP
START GROUP
LOAD f:/appli/cypress/psoc creator/3.0/psoc creator/import/gnu_cs/arm/4.7.3/bin/../lib/gcc/arm-none-eabi/4.7.3/armv6-m\libgcc.a
LOAD f:/appli/cypress/psoc creator/3.0/psoc creator/import/gnu_cs/arm/4.7.3/bin/../lib/gcc/arm-none-eabi/4.7.3/../../../../arm-none-eabi/lib/armv6-m\libc_s.a
END GROUP
LOAD f:/appli/cypress/psoc creator/3.0/psoc creator/import/gnu_cs/arm/4.7.3/bin/../lib/gcc/arm-none-eabi/4.7.3/armv6-m/crtend.o
LOAD f:/appli/cypress/psoc creator/3.0/psoc creator/import/gnu_cs/arm/4.7.3/bin/../lib/gcc/arm-none-eabi/4.7.3/armv6-m/crtn.o
START GROUP
LOAD f:/appli/cypress/psoc creator/3.0/psoc creator/import/gnu_cs/arm/4.7.3/bin/../lib/gcc/arm-none-eabi/4.7.3/armv6-m\libgcc.a
LOAD f:/appli/cypress/psoc creator/3.0/psoc creator/import/gnu_cs/arm/4.7.3/bin/../lib/gcc/arm-none-eabi/4.7.3/../../../../arm-none-eabi/lib/armv6-m\libc.a
LOAD f:/appli/cypress/psoc creator/3.0/psoc creator/import/gnu_cs/arm/4.7.3/bin/../lib/gcc/arm-none-eabi/4.7.3/../../../../arm-none-eabi/lib/armv6-m\libnosys.a
END GROUP
                0x00000000                CY_APPL_ORIGIN = 0x0
                0x00000080                CY_FLASH_ROW_SIZE = 0x80
                0x00000001                CY_APPL_NUM = 0x1
                0x00000040                CY_METADATA_SIZE = 0x40
                0x20000160                PROVIDE (__cy_heap_start, _end)
                0x00000001                PROVIDE (__cy_region_num, ((__cy_regions_end - __cy_regions) / 0x10))
                0x20001000                PROVIDE (__cy_stack, (ORIGIN (ram) + 0x1000))
                0x20000c00                PROVIDE (__cy_heap_end, (__cy_stack - 0x400))

.cybootloader   0x00000000        0x0
 *(.cybootloader)
                0x00000000                appl1_start = CY_APPL_ORIGIN?CY_APPL_ORIGIN:ALIGN (CY_FLASH_ROW_SIZE)
                0x00003f80                appl2_start = (appl1_start + ALIGN ((((0x8000 - appl1_start) - (0x2 * CY_FLASH_ROW_SIZE)) / 0x2), CY_FLASH_ROW_SIZE))
                0x00000000                appl_start = (CY_APPL_NUM == 0x1)?appl1_start:appl2_start

.text           0x00000000     0x21c0
 CREATE_OBJECT_SYMBOLS
                0x00000000                PROVIDE (__cy_interrupt_vector, RomVectors)
 *(.romvectors)
 .romvectors    0x00000000       0x10 .\CortexM0\ARM_GCC_473\Debug\Cm0Start.o
                0x00000000                RomVectors
                0x00000001                ASSERT ((. != __cy_interrupt_vector), No interrupt vector)
                0x00000001                ASSERT (CY_APPL_ORIGIN?(SIZEOF (.cybootloader) <= CY_APPL_ORIGIN):0x1, Wrong image location)
                0x00000010                PROVIDE (__cy_reset, Reset)
 *(.text.Reset)
 .text.Reset    0x00000010        0x8 .\CortexM0\ARM_GCC_473\Debug\Cm0Start.o
                0x00000010                Reset
                0x00000001                ASSERT ((. != __cy_reset), No reset code)
 *(.psocinit)
 .psocinit      0x00000018      0x2e0 .\CortexM0\ARM_GCC_473\Debug\EYESAT_EPM.a(cyfitter_cfg.o)
                0x00000168                cyfitter_cfg
                0x000002f8                . = MAX (., 0x100)
 *(.text .text.* .gnu.linkonce.t.*)
 .text          0x000002f8       0x60 f:/appli/cypress/psoc creator/3.0/psoc creator/import/gnu_cs/arm/4.7.3/bin/../lib/gcc/arm-none-eabi/4.7.3/armv6-m/crtbegin.o
 .text.main     0x00000358       0xf0 .\CortexM0\ARM_GCC_473\Debug\main.o
                0x00000358                main
 .text.fonction_I2C
                0x00000448       0x78 .\CortexM0\ARM_GCC_473\Debug\main.o
                0x00000448                fonction_I2C
 .text.calcul_PDS_position
                0x000004c0       0x7c .\CortexM0\ARM_GCC_473\Debug\main.o
                0x000004c0                calcul_PDS_position
 .text.Changer_position
                0x0000053c       0xf8 .\CortexM0\ARM_GCC_473\Debug\main.o
                0x0000053c                Changer_position
 .text.automate
                0x00000634      0x530 .\CortexM0\ARM_GCC_473\Debug\main.o
                0x00000634                automate
 .text.IntDefaultHandler
                0x00000b64        0x8 .\CortexM0\ARM_GCC_473\Debug\Cm0Start.o
                0x00000b64                IntDefaultHandler
 .text.Start_c  0x00000b6c       0xa4 .\CortexM0\ARM_GCC_473\Debug\Cm0Start.o
                0x00000b6c                Start_c
 .text.initialize_psoc
                0x00000c10       0x64 .\CortexM0\ARM_GCC_473\Debug\Cm0Start.o
                0x00000c10                initialize_psoc
 .text.CYMEMZERO
                0x00000c74       0x20 .\CortexM0\ARM_GCC_473\Debug\EYESAT_EPM.a(cyfitter_cfg.o)
 .text.cfg_write_bytes32
                0x00000c94       0x80 .\CortexM0\ARM_GCC_473\Debug\EYESAT_EPM.a(cyfitter_cfg.o)
 .text.AnalogSetDefault
                0x00000d14        0x8 .\CortexM0\ARM_GCC_473\Debug\EYESAT_EPM.a(cyfitter_cfg.o)
 .text.I2CS_Init
                0x00000d1c        0xc .\CortexM0\ARM_GCC_473\Debug\EYESAT_EPM.a(I2CS.o)
                0x00000d1c                I2CS_Init
 .text.I2CS_Enable
                0x00000d28       0x20 .\CortexM0\ARM_GCC_473\Debug\EYESAT_EPM.a(I2CS.o)
                0x00000d28                I2CS_Enable
 .text.I2CS_Start
                0x00000d48       0x24 .\CortexM0\ARM_GCC_473\Debug\EYESAT_EPM.a(I2CS.o)
                0x00000d48                I2CS_Start
 .text.I2CS_ScbEnableIntr
                0x00000d6c       0x10 .\CortexM0\ARM_GCC_473\Debug\EYESAT_EPM.a(I2CS.o)
 .text.I2CS_I2CInit
                0x00000d7c       0xfc .\CortexM0\ARM_GCC_473\Debug\EYESAT_EPM.a(I2CS_I2C.o)
                0x00000d7c                I2CS_I2CInit
 .text.I2CS_I2CSaveConfig
                0x00000e78       0x14 .\CortexM0\ARM_GCC_473\Debug\EYESAT_EPM.a(I2CS_I2C.o)
                0x00000e78                I2CS_I2CSaveConfig
 .text.I2CS_I2CRestoreConfig
                0x00000e8c        0x8 .\CortexM0\ARM_GCC_473\Debug\EYESAT_EPM.a(I2CS_I2C.o)
                0x00000e8c                I2CS_I2CRestoreConfig
 .text.I2CS_I2CSlaveStatus
                0x00000e94       0x14 .\CortexM0\ARM_GCC_473\Debug\EYESAT_EPM.a(I2CS_I2C_SLAVE.o)
                0x00000e94                I2CS_I2CSlaveStatus
 .text.I2CS_I2CSlaveClearReadStatus
                0x00000ea8       0x34 .\CortexM0\ARM_GCC_473\Debug\EYESAT_EPM.a(I2CS_I2C_SLAVE.o)
                0x00000ea8                I2CS_I2CSlaveClearReadStatus
 .text.I2CS_I2CSlaveClearWriteStatus
                0x00000edc       0x34 .\CortexM0\ARM_GCC_473\Debug\EYESAT_EPM.a(I2CS_I2C_SLAVE.o)
                0x00000edc                I2CS_I2CSlaveClearWriteStatus
 .text.I2CS_I2CSlaveInitReadBuf
                0x00000f10       0x40 .\CortexM0\ARM_GCC_473\Debug\EYESAT_EPM.a(I2CS_I2C_SLAVE.o)
                0x00000f10                I2CS_I2CSlaveInitReadBuf
 .text.I2CS_I2CSlaveInitWriteBuf
                0x00000f50       0x34 .\CortexM0\ARM_GCC_473\Debug\EYESAT_EPM.a(I2CS_I2C_SLAVE.o)
                0x00000f50                I2CS_I2CSlaveInitWriteBuf
 .text.I2CS_I2CSlaveClearReadBuf
                0x00000f84       0x14 .\CortexM0\ARM_GCC_473\Debug\EYESAT_EPM.a(I2CS_I2C_SLAVE.o)
                0x00000f84                I2CS_I2CSlaveClearReadBuf
 .text.I2CS_I2CSlaveClearWriteBuf
                0x00000f98       0x14 .\CortexM0\ARM_GCC_473\Debug\EYESAT_EPM.a(I2CS_I2C_SLAVE.o)
                0x00000f98                I2CS_I2CSlaveClearWriteBuf
 .text.I2CS_Sleep
                0x00000fac        0xc .\CortexM0\ARM_GCC_473\Debug\EYESAT_EPM.a(I2CS_PM.o)
                0x00000fac                I2CS_Sleep
 .text.I2CS_Wakeup
                0x00000fb8        0xc .\CortexM0\ARM_GCC_473\Debug\EYESAT_EPM.a(I2CS_PM.o)
                0x00000fb8                I2CS_Wakeup
 .text.PWM_Start
                0x00000fc4       0x24 .\CortexM0\ARM_GCC_473\Debug\EYESAT_EPM.a(PWM.o)
                0x00000fc4                PWM_Start
 .text.PWM_Init
                0x00000fe8       0x74 .\CortexM0\ARM_GCC_473\Debug\EYESAT_EPM.a(PWM.o)
                0x00000fe8                PWM_Init
 .text.PWM_Enable
                0x0000105c       0x20 .\CortexM0\ARM_GCC_473\Debug\EYESAT_EPM.a(PWM.o)
                0x0000105c                PWM_Enable
 .text.PWM_WriteCounter
                0x0000107c       0x20 .\CortexM0\ARM_GCC_473\Debug\EYESAT_EPM.a(PWM.o)
                0x0000107c                PWM_WriteCounter
 .text.PWM_WritePeriod
                0x0000109c       0x20 .\CortexM0\ARM_GCC_473\Debug\EYESAT_EPM.a(PWM.o)
                0x0000109c                PWM_WritePeriod
 .text.PWM_WriteCompare
                0x000010bc       0x20 .\CortexM0\ARM_GCC_473\Debug\EYESAT_EPM.a(PWM.o)
                0x000010bc                PWM_WriteCompare
 .text.Control_Reg_Write
                0x000010dc       0x20 .\CortexM0\ARM_GCC_473\Debug\EYESAT_EPM.a(Control_Reg.o)
                0x000010dc                Control_Reg_Write
 .text.Counter_1_Init
                0x000010fc       0x5c .\CortexM0\ARM_GCC_473\Debug\EYESAT_EPM.a(Counter_1.o)
                0x000010fc                Counter_1_Init
 .text.Counter_1_Enable
                0x00001158        0x8 .\CortexM0\ARM_GCC_473\Debug\EYESAT_EPM.a(Counter_1.o)
                0x00001158                Counter_1_Enable
 .text.Counter_1_Start
                0x00001160       0x24 .\CortexM0\ARM_GCC_473\Debug\EYESAT_EPM.a(Counter_1.o)
                0x00001160                Counter_1_Start
 .text.Counter_1_SetInterruptMode
                0x00001184       0x20 .\CortexM0\ARM_GCC_473\Debug\EYESAT_EPM.a(Counter_1.o)
                0x00001184                Counter_1_SetInterruptMode
 .text.Counter_1_ReadStatusRegister
                0x000011a4       0x14 .\CortexM0\ARM_GCC_473\Debug\EYESAT_EPM.a(Counter_1.o)
                0x000011a4                Counter_1_ReadStatusRegister
 .text.Counter_1_WriteCounter
                0x000011b8       0x20 .\CortexM0\ARM_GCC_473\Debug\EYESAT_EPM.a(Counter_1.o)
                0x000011b8                Counter_1_WriteCounter
 .text.Counter_1_ReadCounter
                0x000011d8       0x1c .\CortexM0\ARM_GCC_473\Debug\EYESAT_EPM.a(Counter_1.o)
                0x000011d8                Counter_1_ReadCounter
 .text.Counter_1_ReadCapture
                0x000011f4       0x14 .\CortexM0\ARM_GCC_473\Debug\EYESAT_EPM.a(Counter_1.o)
                0x000011f4                Counter_1_ReadCapture
 .text.Counter_1_WritePeriod
                0x00001208       0x20 .\CortexM0\ARM_GCC_473\Debug\EYESAT_EPM.a(Counter_1.o)
                0x00001208                Counter_1_WritePeriod
 .text.Counter_1_WriteCompare
                0x00001228       0x20 .\CortexM0\ARM_GCC_473\Debug\EYESAT_EPM.a(Counter_1.o)
                0x00001228                Counter_1_WriteCompare
 .text.Counter_1_ClearFIFO
                0x00001248       0x1c .\CortexM0\ARM_GCC_473\Debug\EYESAT_EPM.a(Counter_1.o)
                0x00001248                Counter_1_ClearFIFO
 .text.hall_Read
                0x00001264       0x1c .\CortexM0\ARM_GCC_473\Debug\EYESAT_EPM.a(hall.o)
                0x00001264                hall_Read
 .text.EEPROM_Start
                0x00001280        0x8 .\CortexM0\ARM_GCC_473\Debug\EYESAT_EPM.a(EEPROM.o)
                0x00001280                EEPROM_Start
 .text.EEPROM_Write
                0x00001288      0x174 .\CortexM0\ARM_GCC_473\Debug\EYESAT_EPM.a(EEPROM.o)
                0x00001288                EEPROM_Write
 *fill*         0x000013fc        0x4 00
 .text          0x00001400       0x20 .\CortexM0\ARM_GCC_473\Debug\EYESAT_EPM.a(CyBootAsmGnu.o)
                0x00001400                CyDelayCycles
                0x00001412                CyEnterCriticalSection
                0x0000141a                CyExitCriticalSection
 .text.CySysFlashSetupClock
                0x00001420       0x1c .\CortexM0\ARM_GCC_473\Debug\EYESAT_EPM.a(CyFlash.o)
 .text.CySysFlashRestoreClock
                0x0000143c       0x1c .\CortexM0\ARM_GCC_473\Debug\EYESAT_EPM.a(CyFlash.o)
 .text.CySysFlashExecSysCall
                0x00001458       0x3c .\CortexM0\ARM_GCC_473\Debug\EYESAT_EPM.a(CyFlash.o)
 .text.CySysFlashCallProgramRow
                0x00001494       0x44 .\CortexM0\ARM_GCC_473\Debug\EYESAT_EPM.a(CyFlash.o)
 .text.CySysFlashHandleLoadResult
                0x000014d8       0x4c .\CortexM0\ARM_GCC_473\Debug\EYESAT_EPM.a(CyFlash.o)
 .text.CySysFlashWriteRow
                0x00001524      0x26c .\CortexM0\ARM_GCC_473\Debug\EYESAT_EPM.a(CyFlash.o)
                0x00001524                CySysFlashWriteRow
 .text.CySysClkIloStart
                0x00001790       0x1c .\CortexM0\ARM_GCC_473\Debug\EYESAT_EPM.a(CyLib.o)
                0x00001790                CySysClkIloStart
 .text.CySysWdtReadEnabledStatus
                0x000017ac       0x30 .\CortexM0\ARM_GCC_473\Debug\EYESAT_EPM.a(CyLib.o)
                0x000017ac                CySysWdtReadEnabledStatus
 .text.CySysWdtWriteMode
                0x000017dc       0x70 .\CortexM0\ARM_GCC_473\Debug\EYESAT_EPM.a(CyLib.o)
                0x000017dc                CySysWdtWriteMode
 .text.CySysWdtEnable
                0x0000184c       0x30 .\CortexM0\ARM_GCC_473\Debug\EYESAT_EPM.a(CyLib.o)
                0x0000184c                CySysWdtEnable
 .text.CySysWdtDisable
                0x0000187c       0x30 .\CortexM0\ARM_GCC_473\Debug\EYESAT_EPM.a(CyLib.o)
                0x0000187c                CySysWdtDisable
 .text.CySysWdtClearInterrupt
                0x000018ac       0xb8 .\CortexM0\ARM_GCC_473\Debug\EYESAT_EPM.a(CyLib.o)
                0x000018ac                CySysWdtClearInterrupt
 .text.CySysWdtResetCounters
                0x00001964       0x38 .\CortexM0\ARM_GCC_473\Debug\EYESAT_EPM.a(CyLib.o)
                0x00001964                CySysWdtResetCounters
 .text.CyIntSetVector
                0x0000199c       0x4c .\CortexM0\ARM_GCC_473\Debug\EYESAT_EPM.a(CyLib.o)
                0x0000199c                CyIntSetVector
 .text.CyIntSetPriority
                0x000019e8       0xa8 .\CortexM0\ARM_GCC_473\Debug\EYESAT_EPM.a(CyLib.o)
                0x000019e8                CyIntSetPriority
 .text.CyIntEnable
                0x00001a90       0x2c .\CortexM0\ARM_GCC_473\Debug\EYESAT_EPM.a(CyLib.o)
                0x00001a90                CyIntEnable
 .text.CyIntDisable
                0x00001abc       0x2c .\CortexM0\ARM_GCC_473\Debug\EYESAT_EPM.a(CyLib.o)
                0x00001abc                CyIntDisable
 .text.CyHalt   0x00001ae8       0x14 .\CortexM0\ARM_GCC_473\Debug\EYESAT_EPM.a(CyLib.o)
                0x00001ae8                CyHalt
 .text.CyDelayUs
                0x00001afc       0x28 .\CortexM0\ARM_GCC_473\Debug\EYESAT_EPM.a(CyLib.o)
                0x00001afc                CyDelayUs
 .text.CySysPmSleep
                0x00001b24       0x34 .\CortexM0\ARM_GCC_473\Debug\EYESAT_EPM.a(cyPm.o)
                0x00001b24                CySysPmSleep
 .text.I2CS_I2C_ISR
                0x00001b58      0x534 .\CortexM0\ARM_GCC_473\Debug\EYESAT_EPM.a(I2CS_I2C_INT.o)
                0x00001b58                I2CS_I2C_ISR
 .text          0x0000208c       0xc0 f:/appli/cypress/psoc creator/3.0/psoc creator/import/gnu_cs/arm/4.7.3/bin/../lib/gcc/arm-none-eabi/4.7.3/armv6-m\libgcc.a(_divsi3.o)
                0x0000208c                __divsi3
                0x0000208c                __aeabi_idiv
                0x00002138                __aeabi_idivmod
 .text          0x0000214c        0x4 f:/appli/cypress/psoc creator/3.0/psoc creator/import/gnu_cs/arm/4.7.3/bin/../lib/gcc/arm-none-eabi/4.7.3/armv6-m\libgcc.a(_dvmd_tls.o)
                0x0000214c                __aeabi_idiv0
                0x0000214c                __aeabi_ldiv0
 .text.__libc_init_array
                0x00002150       0x4c f:/appli/cypress/psoc creator/3.0/psoc creator/import/gnu_cs/arm/4.7.3/bin/../lib/gcc/arm-none-eabi/4.7.3/../../../../arm-none-eabi/lib/armv6-m\libc_s.a(lib_a-init.o)
                0x00002150                __libc_init_array
 .text.memcpy   0x0000219c       0x12 f:/appli/cypress/psoc creator/3.0/psoc creator/import/gnu_cs/arm/4.7.3/bin/../lib/gcc/arm-none-eabi/4.7.3/../../../../arm-none-eabi/lib/armv6-m\libc_s.a(lib_a-memcpy.o)
                0x0000219c                memcpy
 .text.memset   0x000021ae       0x12 f:/appli/cypress/psoc creator/3.0/psoc creator/import/gnu_cs/arm/4.7.3/bin/../lib/gcc/arm-none-eabi/4.7.3/../../../../arm-none-eabi/lib/armv6-m\libc_s.a(lib_a-memset.o)
                0x000021ae                memset
 *(.plt)
 *(.gnu.warning)
 *(.glue_7t)
 .glue_7t       0x00000000        0x0 linker stubs
 *(.glue_7)
 .glue_7        0x00000000        0x0 linker stubs
 *(.vfp11_veneer)
 .vfp11_veneer  0x00000000        0x0 linker stubs
 *(.bootloader)
 *(.ARM.extab* .gnu.linkonce.armextab.*)
 *(.gcc_except_table)

.v4_bx          0x000021c0        0x0
 .v4_bx         0x00000000        0x0 linker stubs

.iplt           0x000021c0        0x0
 .iplt          0x00000000        0x0 f:/appli/cypress/psoc creator/3.0/psoc creator/import/gnu_cs/arm/4.7.3/bin/../lib/gcc/arm-none-eabi/4.7.3/armv6-m/crtbegin.o

.eh_frame_hdr
 *(.eh_frame_hdr)

.eh_frame       0x000021c0        0x4
 *(.eh_frame)
 .eh_frame      0x000021c0        0x0 f:/appli/cypress/psoc creator/3.0/psoc creator/import/gnu_cs/arm/4.7.3/bin/../lib/gcc/arm-none-eabi/4.7.3/armv6-m/crtbegin.o
 .eh_frame      0x000021c0        0x4 f:/appli/cypress/psoc creator/3.0/psoc creator/import/gnu_cs/arm/4.7.3/bin/../lib/gcc/arm-none-eabi/4.7.3/armv6-m/crtend.o
                0x000021c4                PROVIDE (__exidx_start, .)

.ARM.exidx
 *(.ARM.exidx* .gnu.linkonce.armexidx.*)
                0x000021c4                __exidx_end = .

.rodata         0x000021c4      0x2bc
 *(.rodata .rodata.* .gnu.linkonce.r.*)
 .rodata        0x000021c4       0x6c .\CortexM0\ARM_GCC_473\Debug\main.o
 .rodata        0x00002230      0x218 .\CortexM0\ARM_GCC_473\Debug\EYESAT_EPM.a(cyfitter_cfg.o)
                0x00002448                . = ALIGN (0x4)
 *(.init)
 .init          0x00002448        0x4 f:/appli/cypress/psoc creator/3.0/psoc creator/import/gnu_cs/arm/4.7.3/bin/../lib/gcc/arm-none-eabi/4.7.3/armv6-m/crti.o
                0x00002448                _init
 .init          0x0000244c        0x8 f:/appli/cypress/psoc creator/3.0/psoc creator/import/gnu_cs/arm/4.7.3/bin/../lib/gcc/arm-none-eabi/4.7.3/armv6-m/crtn.o
                0x00002454                . = ALIGN (0x4)
                0x00002454                __preinit_array_start = .
 *(.preinit_array)
                0x00002454                __preinit_array_end = .
                0x00002454                . = ALIGN (0x4)
                0x00002454                __init_array_start = .
 *(SORT(.init_array.*))
 *(.init_array)
 .init_array    0x00002454        0x4 f:/appli/cypress/psoc creator/3.0/psoc creator/import/gnu_cs/arm/4.7.3/bin/../lib/gcc/arm-none-eabi/4.7.3/armv6-m/crtbegin.o
 .init_array    0x00002458        0x4 .\CortexM0\ARM_GCC_473\Debug\Cm0Start.o
                0x0000245c                __init_array_end = .
                0x0000245c                . = ALIGN (0x4)
 *(.fini)
 .fini          0x0000245c        0x4 f:/appli/cypress/psoc creator/3.0/psoc creator/import/gnu_cs/arm/4.7.3/bin/../lib/gcc/arm-none-eabi/4.7.3/armv6-m/crti.o
                0x0000245c                _fini
 .fini          0x00002460        0x8 f:/appli/cypress/psoc creator/3.0/psoc creator/import/gnu_cs/arm/4.7.3/bin/../lib/gcc/arm-none-eabi/4.7.3/armv6-m/crtn.o
                0x00002468                . = ALIGN (0x4)
                0x00002468                __fini_array_start = .
 *(.fini_array)
 .fini_array    0x00002468        0x4 f:/appli/cypress/psoc creator/3.0/psoc creator/import/gnu_cs/arm/4.7.3/bin/../lib/gcc/arm-none-eabi/4.7.3/armv6-m/crtbegin.o
 *(SORT(.fini_array.*))
                0x0000246c                __fini_array_end = .
                0x0000246c                . = ALIGN (0x4)
 *crtbegin.o(.ctors)
 *(EXCLUDE_FILE(*crtend.o) .ctors)
 *(SORT(.ctors.*))
 *crtend.o(.ctors)
                0x0000246c                . = ALIGN (0x4)
 *crtbegin.o(.dtors)
 *(EXCLUDE_FILE(*crtend.o) .dtors)
 *(SORT(.dtors.*))
 *crtend.o(.dtors)
                0x0000246c                . = ALIGN (0x4)
                0x0000246c                __cy_regions = .
                0x0000246c        0x4 LONG 0x2480 __cy_region_init_ram
                0x00002470        0x4 LONG 0x200000c8 __cy_region_start_data
                0x00002474        0x4 LONG 0x20 __cy_region_init_size_ram
                0x00002478        0x4 LONG 0x78 __cy_region_zero_size_ram
                0x0000247c                __cy_regions_end = .
                0x00002480                . = ALIGN (0x8)
 *fill*         0x0000247c        0x4 00
                0x00002480                _etext = .

.ramvectors     0x20000000       0xc0
                0x20000000                __cy_region_start_ram = .
 *(.ramvectors)
 .ramvectors    0x20000000       0xc0 .\CortexM0\ARM_GCC_473\Debug\Cm0Start.o
                0x20000000                CyRamVectors

.noinit         0x200000c0        0x4
 *(.noinit)
 .noinit        0x200000c0        0x4 .\CortexM0\ARM_GCC_473\Debug\Cm0Start.o

.data           0x200000c8       0x20 load address 0x00002480
                0x200000c8                __cy_region_start_data = .
 *(.jcr)
 .jcr           0x200000c8        0x0 f:/appli/cypress/psoc creator/3.0/psoc creator/import/gnu_cs/arm/4.7.3/bin/../lib/gcc/arm-none-eabi/4.7.3/armv6-m/crtbegin.o
 .jcr           0x200000c8        0x4 f:/appli/cypress/psoc creator/3.0/psoc creator/import/gnu_cs/arm/4.7.3/bin/../lib/gcc/arm-none-eabi/4.7.3/armv6-m/crtend.o
 *(.got.plt)
 *(.got)
 *(.shdata)
 *(.data .data.* .gnu.linkonce.d.*)
 .data          0x200000cc        0x4 .\CortexM0\ARM_GCC_473\Debug\main.o
                0x200000cc                rBuffer
 .data          0x200000d0        0x4 .\CortexM0\ARM_GCC_473\Debug\EYESAT_EPM.a(cyfitter_cfg.o)
 .data          0x200000d4       0x10 .\CortexM0\ARM_GCC_473\Debug\EYESAT_EPM.a(CyLib.o)
                0x200000d4                cydelayFreqHz
                0x200000d8                cydelayFreqKhz
                0x200000dc                cydelayFreqMhz
                0x200000e0                cydelay32kMs
                0x200000e8                . = ALIGN (0x8)
 *fill*         0x200000e4        0x4 00
 *(.ram)
                0x200000e8                _edata = .

.igot.plt       0x200000e8        0x0 load address 0x000024a0
 .igot.plt      0x00000000        0x0 f:/appli/cypress/psoc creator/3.0/psoc creator/import/gnu_cs/arm/4.7.3/bin/../lib/gcc/arm-none-eabi/4.7.3/armv6-m/crtbegin.o

.bss            0x200000e8       0x78 load address 0x000024a0
                0x200000e8                PROVIDE (__bss_start__, .)
 *(.shbss)
 *(.bss .bss.* .gnu.linkonce.b.*)
 .bss           0x200000e8       0x1c f:/appli/cypress/psoc creator/3.0/psoc creator/import/gnu_cs/arm/4.7.3/bin/../lib/gcc/arm-none-eabi/4.7.3/armv6-m/crtbegin.o
 .bss           0x20000104       0x1c .\CortexM0\ARM_GCC_473\Debug\main.o
                0x20000104                registre
                0x20000108                CAS_ACTUEL
                0x2000010c                POSITION_ACTUELLE
                0x2000010d                NBR_CHANGEMENTS_POSITION
                0x20000110                array
                0x20000114                position_connue
                0x20000118                pblm_reset
 .bss           0x20000120        0x8 .\CortexM0\ARM_GCC_473\Debug\EYESAT_EPM.a(I2CS.o)
                0x20000120                I2CS_initVar
                0x20000124                I2CS_customIntrHandler
 .bss           0x20000128        0x1 .\CortexM0\ARM_GCC_473\Debug\EYESAT_EPM.a(PWM.o)
                0x20000128                PWM_initVar
 .bss           0x20000129        0x1 .\CortexM0\ARM_GCC_473\Debug\EYESAT_EPM.a(Counter_1.o)
                0x20000129                Counter_1_initVar
 *(COMMON)
 *fill*         0x2000012a        0x2 00
 COMMON         0x2000012c        0xc .\CortexM0\ARM_GCC_473\Debug\main.o
                0x2000012c                POSITION_SUIVANTE
                0x20000130                wBuffer
                0x20000131                commande_ODB
                0x20000132                commande_avant_reset
                0x20000134                status
 COMMON         0x20000138        0x1 .\CortexM0\ARM_GCC_473\Debug\EYESAT_EPM.a(I2CS_I2C.o)
                0x20000138                I2CS_state
 *fill*         0x20000139        0x3 00
 COMMON         0x2000013c       0x21 .\CortexM0\ARM_GCC_473\Debug\EYESAT_EPM.a(I2CS_I2C_SLAVE.o)
                0x2000013c                I2CS_slRdBufIndex
                0x20000140                I2CS_slWrBufIndex
                0x20000144                I2CS_slWrBufSize
                0x20000148                I2CS_slRdBufSize
                0x2000014c                I2CS_slRdBufPtr
                0x20000150                I2CS_slStatus
                0x20000154                I2CS_slRdBufIndexTmp
                0x20000158                I2CS_slWrBufPtr
                0x2000015c                I2CS_slOverFlowCount
                0x20000160                . = ALIGN (0x8)
 *fill*         0x2000015d        0x3 00
 *(.ram.b)
                0x20000160                _end = .
                0x20000160                __end = .
                0x20000160                PROVIDE (end, .)
                0x20000160                PROVIDE (__bss_end__, .)
                0x00002480                __cy_region_init_ram = LOADADDR (.data)
                0x00000020                __cy_region_init_size_ram = (_edata - ADDR (.data))
                0x00000078                __cy_region_zero_size_ram = (_end - _edata)

.heap           0x20000160      0x100 load address 0x000024a0
                0x20000160                . = _end
                0x20000260                . = (. + 0x100)
 *fill*         0x20000160      0x100 00
                0x20000260                __cy_heap_limit = .

.stack          0x20000c00      0x400
                0x20000c00                __cy_stack_limit = .
                0x20001000                . = (. + 0x400)
 *fill*         0x20000c00      0x400 00
                0x00000001                ASSERT ((__cy_stack_limit >= __cy_heap_limit), region RAM overflowed with stack)

.cyloadermeta
 *(.cyloadermeta)

.cyloadablemeta
 *(.cyloadablemeta)

.cyflashprotect
                0x90400000       0x20
 *(.cyflashprotect)
 .cyflashprotect
                0x90400000       0x20 .\CortexM0\ARM_GCC_473\Debug\cymetadata.o
                0x90400000                cy_meta_flashprotect

.cymeta         0x90500000        0xc
 *(.cymeta)
 .cymeta        0x90500000        0xc .\CortexM0\ARM_GCC_473\Debug\cymetadata.o
                0x90500000                cy_metadata

.cychipprotect  0x90600000        0x4
 *(.cychipprotect)
 .cychipprotect
                0x90600000        0x4 .\CortexM0\ARM_GCC_473\Debug\cymetadata.o
                0x90600000                cy_meta_chipprotect

.rel.dyn        0x000024a0        0x0 load address 0x90600004
 .rel.iplt      0x00000000        0x0 f:/appli/cypress/psoc creator/3.0/psoc creator/import/gnu_cs/arm/4.7.3/bin/../lib/gcc/arm-none-eabi/4.7.3/armv6-m/crtbegin.o

.stab
 *(.stab)

.stabstr
 *(.stabstr)

.debug
 *(.debug)

.line
 *(.line)

.debug_srcinfo
 *(.debug_srcinfo)

.debug_sfnames
 *(.debug_sfnames)

.debug_aranges  0x00000000      0x638
 *(.debug_aranges)
 .debug_aranges
                0x00000000       0x40 .\CortexM0\ARM_GCC_473\Debug\main.o
 .debug_aranges
                0x00000040       0x18 .\CortexM0\ARM_GCC_473\Debug\cymetadata.o
 .debug_aranges
                0x00000058       0x40 .\CortexM0\ARM_GCC_473\Debug\Cm0Start.o
 .debug_aranges
                0x00000098       0x58 .\CortexM0\ARM_GCC_473\Debug\EYESAT_EPM.a(cyfitter_cfg.o)
 .debug_aranges
                0x000000f0       0x50 .\CortexM0\ARM_GCC_473\Debug\EYESAT_EPM.a(I2CS.o)
 .debug_aranges
                0x00000140       0x38 .\CortexM0\ARM_GCC_473\Debug\EYESAT_EPM.a(I2CS_I2C.o)
 .debug_aranges
                0x00000178       0x70 .\CortexM0\ARM_GCC_473\Debug\EYESAT_EPM.a(I2CS_I2C_SLAVE.o)
 .debug_aranges
                0x000001e8       0x28 .\CortexM0\ARM_GCC_473\Debug\EYESAT_EPM.a(I2CS_PM.o)
 .debug_aranges
                0x00000210       0x80 .\CortexM0\ARM_GCC_473\Debug\EYESAT_EPM.a(PWM.o)
 .debug_aranges
                0x00000290       0x28 .\CortexM0\ARM_GCC_473\Debug\EYESAT_EPM.a(Control_Reg.o)
 .debug_aranges
                0x000002b8       0x88 .\CortexM0\ARM_GCC_473\Debug\EYESAT_EPM.a(Counter_1.o)
 .debug_aranges
                0x00000340       0x40 .\CortexM0\ARM_GCC_473\Debug\EYESAT_EPM.a(hall.o)
 .debug_aranges
                0x00000380       0x30 .\CortexM0\ARM_GCC_473\Debug\EYESAT_EPM.a(EEPROM.o)
 .debug_aranges
                0x000003b0       0x20 .\CortexM0\ARM_GCC_473\Debug\EYESAT_EPM.a(CyBootAsmGnu.o)
 .debug_aranges
                0x000003d0       0x50 .\CortexM0\ARM_GCC_473\Debug\EYESAT_EPM.a(CyFlash.o)
 .debug_aranges
                0x00000420      0x1a0 .\CortexM0\ARM_GCC_473\Debug\EYESAT_EPM.a(CyLib.o)
 .debug_aranges
                0x000005c0       0x58 .\CortexM0\ARM_GCC_473\Debug\EYESAT_EPM.a(cyPm.o)
 .debug_aranges
                0x00000618       0x20 .\CortexM0\ARM_GCC_473\Debug\EYESAT_EPM.a(I2CS_I2C_INT.o)

.debug_pubnames
 *(.debug_pubnames)

.debug_info     0x00000000     0x2e56
 *(.debug_info .gnu.linkonce.wi.*)
 .debug_info    0x00000000      0x31b .\CortexM0\ARM_GCC_473\Debug\main.o
 .debug_info    0x0000031b      0x100 .\CortexM0\ARM_GCC_473\Debug\cymetadata.o
 .debug_info    0x0000041b      0x2c0 .\CortexM0\ARM_GCC_473\Debug\Cm0Start.o
 .debug_info    0x000006db      0x485 .\CortexM0\ARM_GCC_473\Debug\EYESAT_EPM.a(cyfitter_cfg.o)
 .debug_info    0x00000b60      0x197 .\CortexM0\ARM_GCC_473\Debug\EYESAT_EPM.a(I2CS.o)
 .debug_info    0x00000cf7      0x157 .\CortexM0\ARM_GCC_473\Debug\EYESAT_EPM.a(I2CS_I2C.o)
 .debug_info    0x00000e4e      0x319 .\CortexM0\ARM_GCC_473\Debug\EYESAT_EPM.a(I2CS_I2C_SLAVE.o)
 .debug_info    0x00001167       0xb8 .\CortexM0\ARM_GCC_473\Debug\EYESAT_EPM.a(I2CS_PM.o)
 .debug_info    0x0000121f      0x286 .\CortexM0\ARM_GCC_473\Debug\EYESAT_EPM.a(PWM.o)
 .debug_info    0x000014a5       0xe3 .\CortexM0\ARM_GCC_473\Debug\EYESAT_EPM.a(Control_Reg.o)
 .debug_info    0x00001588      0x287 .\CortexM0\ARM_GCC_473\Debug\EYESAT_EPM.a(Counter_1.o)
 .debug_info    0x0000180f      0x168 .\CortexM0\ARM_GCC_473\Debug\EYESAT_EPM.a(hall.o)
 .debug_info    0x00001977      0x1bc .\CortexM0\ARM_GCC_473\Debug\EYESAT_EPM.a(EEPROM.o)
 .debug_info    0x00001b33       0xb3 .\CortexM0\ARM_GCC_473\Debug\EYESAT_EPM.a(CyBootAsmGnu.o)
 .debug_info    0x00001be6      0x3ed .\CortexM0\ARM_GCC_473\Debug\EYESAT_EPM.a(CyFlash.o)
 .debug_info    0x00001fd3      0xac5 .\CortexM0\ARM_GCC_473\Debug\EYESAT_EPM.a(CyLib.o)
 .debug_info    0x00002a98      0x227 .\CortexM0\ARM_GCC_473\Debug\EYESAT_EPM.a(cyPm.o)
 .debug_info    0x00002cbf      0x197 .\CortexM0\ARM_GCC_473\Debug\EYESAT_EPM.a(I2CS_I2C_INT.o)

.debug_abbrev   0x00000000     0x1017
 *(.debug_abbrev)
 .debug_abbrev  0x00000000      0x10b .\CortexM0\ARM_GCC_473\Debug\main.o
 .debug_abbrev  0x0000010b       0x5d .\CortexM0\ARM_GCC_473\Debug\cymetadata.o
 .debug_abbrev  0x00000168      0x164 .\CortexM0\ARM_GCC_473\Debug\Cm0Start.o
 .debug_abbrev  0x000002cc      0x18c .\CortexM0\ARM_GCC_473\Debug\EYESAT_EPM.a(cyfitter_cfg.o)
 .debug_abbrev  0x00000458       0xc5 .\CortexM0\ARM_GCC_473\Debug\EYESAT_EPM.a(I2CS.o)
 .debug_abbrev  0x0000051d       0x92 .\CortexM0\ARM_GCC_473\Debug\EYESAT_EPM.a(I2CS_I2C.o)
 .debug_abbrev  0x000005af       0xfa .\CortexM0\ARM_GCC_473\Debug\EYESAT_EPM.a(I2CS_I2C_SLAVE.o)
 .debug_abbrev  0x000006a9       0x44 .\CortexM0\ARM_GCC_473\Debug\EYESAT_EPM.a(I2CS_PM.o)
 .debug_abbrev  0x000006ed      0x118 .\CortexM0\ARM_GCC_473\Debug\EYESAT_EPM.a(PWM.o)
 .debug_abbrev  0x00000805       0x83 .\CortexM0\ARM_GCC_473\Debug\EYESAT_EPM.a(Control_Reg.o)
 .debug_abbrev  0x00000888      0x12e .\CortexM0\ARM_GCC_473\Debug\EYESAT_EPM.a(Counter_1.o)
 .debug_abbrev  0x000009b6       0xac .\CortexM0\ARM_GCC_473\Debug\EYESAT_EPM.a(hall.o)
 .debug_abbrev  0x00000a62       0xc1 .\CortexM0\ARM_GCC_473\Debug\EYESAT_EPM.a(EEPROM.o)
 .debug_abbrev  0x00000b23       0x14 .\CortexM0\ARM_GCC_473\Debug\EYESAT_EPM.a(CyBootAsmGnu.o)
 .debug_abbrev  0x00000b37      0x1ba .\CortexM0\ARM_GCC_473\Debug\EYESAT_EPM.a(CyFlash.o)
 .debug_abbrev  0x00000cf1      0x1a2 .\CortexM0\ARM_GCC_473\Debug\EYESAT_EPM.a(CyLib.o)
 .debug_abbrev  0x00000e93       0xed .\CortexM0\ARM_GCC_473\Debug\EYESAT_EPM.a(cyPm.o)
 .debug_abbrev  0x00000f80       0x97 .\CortexM0\ARM_GCC_473\Debug\EYESAT_EPM.a(I2CS_I2C_INT.o)

.debug_line     0x00000000     0x17b8
 *(.debug_line)
 .debug_line    0x00000000      0x2ed .\CortexM0\ARM_GCC_473\Debug\main.o
 .debug_line    0x000002ed       0x53 .\CortexM0\ARM_GCC_473\Debug\cymetadata.o
 .debug_line    0x00000340      0x18d .\CortexM0\ARM_GCC_473\Debug\Cm0Start.o
 .debug_line    0x000004cd      0x1ae .\CortexM0\ARM_GCC_473\Debug\EYESAT_EPM.a(cyfitter_cfg.o)
 .debug_line    0x0000067b       0xdc .\CortexM0\ARM_GCC_473\Debug\EYESAT_EPM.a(I2CS.o)
 .debug_line    0x00000757       0xc3 .\CortexM0\ARM_GCC_473\Debug\EYESAT_EPM.a(I2CS_I2C.o)
 .debug_line    0x0000081a      0x12d .\CortexM0\ARM_GCC_473\Debug\EYESAT_EPM.a(I2CS_I2C_SLAVE.o)
 .debug_line    0x00000947       0x6f .\CortexM0\ARM_GCC_473\Debug\EYESAT_EPM.a(I2CS_PM.o)
 .debug_line    0x000009b6      0x14a .\CortexM0\ARM_GCC_473\Debug\EYESAT_EPM.a(PWM.o)
 .debug_line    0x00000b00       0x76 .\CortexM0\ARM_GCC_473\Debug\EYESAT_EPM.a(Control_Reg.o)
 .debug_line    0x00000b76      0x165 .\CortexM0\ARM_GCC_473\Debug\EYESAT_EPM.a(Counter_1.o)
 .debug_line    0x00000cdb       0xaa .\CortexM0\ARM_GCC_473\Debug\EYESAT_EPM.a(hall.o)
 .debug_line    0x00000d85       0xc5 .\CortexM0\ARM_GCC_473\Debug\EYESAT_EPM.a(EEPROM.o)
 .debug_line    0x00000e4a       0x68 .\CortexM0\ARM_GCC_473\Debug\EYESAT_EPM.a(CyBootAsmGnu.o)
 .debug_line    0x00000eb2      0x165 .\CortexM0\ARM_GCC_473\Debug\EYESAT_EPM.a(CyFlash.o)
 .debug_line    0x00001017      0x541 .\CortexM0\ARM_GCC_473\Debug\EYESAT_EPM.a(CyLib.o)
 .debug_line    0x00001558      0x11f .\CortexM0\ARM_GCC_473\Debug\EYESAT_EPM.a(cyPm.o)
 .debug_line    0x00001677      0x141 .\CortexM0\ARM_GCC_473\Debug\EYESAT_EPM.a(I2CS_I2C_INT.o)

.debug_frame    0x00000000     0x13a0
 *(.debug_frame)
 .debug_frame   0x00000000       0xac .\CortexM0\ARM_GCC_473\Debug\main.o
 .debug_frame   0x000000ac       0xa8 .\CortexM0\ARM_GCC_473\Debug\Cm0Start.o
 .debug_frame   0x00000154      0x108 .\CortexM0\ARM_GCC_473\Debug\EYESAT_EPM.a(cyfitter_cfg.o)
 .debug_frame   0x0000025c       0xd8 .\CortexM0\ARM_GCC_473\Debug\EYESAT_EPM.a(I2CS.o)
 .debug_frame   0x00000334       0x80 .\CortexM0\ARM_GCC_473\Debug\EYESAT_EPM.a(I2CS_I2C.o)
 .debug_frame   0x000003b4      0x15c .\CortexM0\ARM_GCC_473\Debug\EYESAT_EPM.a(I2CS_I2C_SLAVE.o)
 .debug_frame   0x00000510       0x48 .\CortexM0\ARM_GCC_473\Debug\EYESAT_EPM.a(I2CS_PM.o)
 .debug_frame   0x00000558      0x194 .\CortexM0\ARM_GCC_473\Debug\EYESAT_EPM.a(PWM.o)
 .debug_frame   0x000006ec       0x4c .\CortexM0\ARM_GCC_473\Debug\EYESAT_EPM.a(Control_Reg.o)
 .debug_frame   0x00000738      0x1b0 .\CortexM0\ARM_GCC_473\Debug\EYESAT_EPM.a(Counter_1.o)
 .debug_frame   0x000008e8       0xa8 .\CortexM0\ARM_GCC_473\Debug\EYESAT_EPM.a(hall.o)
 .debug_frame   0x00000990       0x68 .\CortexM0\ARM_GCC_473\Debug\EYESAT_EPM.a(EEPROM.o)
 .debug_frame   0x000009f8       0xf4 .\CortexM0\ARM_GCC_473\Debug\EYESAT_EPM.a(CyFlash.o)
 .debug_frame   0x00000aec      0x628 .\CortexM0\ARM_GCC_473\Debug\EYESAT_EPM.a(CyLib.o)
 .debug_frame   0x00001114      0x124 .\CortexM0\ARM_GCC_473\Debug\EYESAT_EPM.a(cyPm.o)
 .debug_frame   0x00001238       0x30 .\CortexM0\ARM_GCC_473\Debug\EYESAT_EPM.a(I2CS_I2C_INT.o)
 .debug_frame   0x00001268       0x20 f:/appli/cypress/psoc creator/3.0/psoc creator/import/gnu_cs/arm/4.7.3/bin/../lib/gcc/arm-none-eabi/4.7.3/armv6-m\libgcc.a(_udivsi3.o)
 .debug_frame   0x00001288       0x20 f:/appli/cypress/psoc creator/3.0/psoc creator/import/gnu_cs/arm/4.7.3/bin/../lib/gcc/arm-none-eabi/4.7.3/armv6-m\libgcc.a(_divsi3.o)
 .debug_frame   0x000012a8       0x28 f:/appli/cypress/psoc creator/3.0/psoc creator/import/gnu_cs/arm/4.7.3/bin/../lib/gcc/arm-none-eabi/4.7.3/../../../../arm-none-eabi/lib/armv6-m\libc_s.a(lib_a-__atexit2.o)
 .debug_frame   0x000012d0       0x28 f:/appli/cypress/psoc creator/3.0/psoc creator/import/gnu_cs/arm/4.7.3/bin/../lib/gcc/arm-none-eabi/4.7.3/../../../../arm-none-eabi/lib/armv6-m\libc_s.a(lib_a-exit.o)
 .debug_frame   0x000012f8       0x2c f:/appli/cypress/psoc creator/3.0/psoc creator/import/gnu_cs/arm/4.7.3/bin/../lib/gcc/arm-none-eabi/4.7.3/../../../../arm-none-eabi/lib/armv6-m\libc_s.a(lib_a-fini.o)
 .debug_frame   0x00001324       0x2c f:/appli/cypress/psoc creator/3.0/psoc creator/import/gnu_cs/arm/4.7.3/bin/../lib/gcc/arm-none-eabi/4.7.3/../../../../arm-none-eabi/lib/armv6-m\libc_s.a(lib_a-init.o)
 .debug_frame   0x00001350       0x28 f:/appli/cypress/psoc creator/3.0/psoc creator/import/gnu_cs/arm/4.7.3/bin/../lib/gcc/arm-none-eabi/4.7.3/../../../../arm-none-eabi/lib/armv6-m\libc_s.a(lib_a-memcpy.o)
 .debug_frame   0x00001378       0x28 f:/appli/cypress/psoc creator/3.0/psoc creator/import/gnu_cs/arm/4.7.3/bin/../lib/gcc/arm-none-eabi/4.7.3/../../../../arm-none-eabi/lib/armv6-m\libc_s.a(lib_a-memset.o)

.debug_str      0x00000000     0x14e9
 *(.debug_str)
 .debug_str     0x00000000      0x2d0 .\CortexM0\ARM_GCC_473\Debug\main.o
                                0x322 (size before relaxing)
 .debug_str     0x000002d0       0x5b .\CortexM0\ARM_GCC_473\Debug\cymetadata.o
                                0x1ac (size before relaxing)
 .debug_str     0x0000032b      0x104 .\CortexM0\ARM_GCC_473\Debug\Cm0Start.o
                                0x275 (size before relaxing)
 .debug_str     0x0000042f      0x1a6 .\CortexM0\ARM_GCC_473\Debug\EYESAT_EPM.a(cyfitter_cfg.o)
                                0x33a (size before relaxing)
 .debug_str     0x000005d5       0xb7 .\CortexM0\ARM_GCC_473\Debug\EYESAT_EPM.a(I2CS.o)
                                0x222 (size before relaxing)
 .debug_str     0x0000068c       0xb9 .\CortexM0\ARM_GCC_473\Debug\EYESAT_EPM.a(I2CS_I2C.o)
                                0x217 (size before relaxing)
 .debug_str     0x00000745      0x1ce .\CortexM0\ARM_GCC_473\Debug\EYESAT_EPM.a(I2CS_I2C_SLAVE.o)
                                0x382 (size before relaxing)
 .debug_str     0x00000913       0x3a .\CortexM0\ARM_GCC_473\Debug\EYESAT_EPM.a(I2CS_PM.o)
                                0x185 (size before relaxing)
 .debug_str     0x0000094d      0x11f .\CortexM0\ARM_GCC_473\Debug\EYESAT_EPM.a(PWM.o)
                                0x282 (size before relaxing)
 .debug_str     0x00000a6c       0x4a .\CortexM0\ARM_GCC_473\Debug\EYESAT_EPM.a(Control_Reg.o)
                                0x19f (size before relaxing)
 .debug_str     0x00000ab6      0x185 .\CortexM0\ARM_GCC_473\Debug\EYESAT_EPM.a(Counter_1.o)
                                0x2ff (size before relaxing)
 .debug_str     0x00000c3b       0x84 .\CortexM0\ARM_GCC_473\Debug\EYESAT_EPM.a(hall.o)
                                0x1df (size before relaxing)
 .debug_str     0x00000cbf       0xa3 .\CortexM0\ARM_GCC_473\Debug\EYESAT_EPM.a(EEPROM.o)
                                0x209 (size before relaxing)
 .debug_str     0x00000d62      0x19c .\CortexM0\ARM_GCC_473\Debug\EYESAT_EPM.a(CyFlash.o)
                                0x329 (size before relaxing)
 .debug_str     0x00000efe      0x4de .\CortexM0\ARM_GCC_473\Debug\EYESAT_EPM.a(CyLib.o)
                                0x688 (size before relaxing)
 .debug_str     0x000013dc       0xc2 .\CortexM0\ARM_GCC_473\Debug\EYESAT_EPM.a(cyPm.o)
                                0x243 (size before relaxing)
 .debug_str     0x0000149e       0x4b .\CortexM0\ARM_GCC_473\Debug\EYESAT_EPM.a(I2CS_I2C_INT.o)
                                0x276 (size before relaxing)

.debug_loc      0x00000000     0x1ce4
 *(.debug_loc)
 .debug_loc     0x00000000      0x100 .\CortexM0\ARM_GCC_473\Debug\main.o
 .debug_loc     0x00000100      0x100 .\CortexM0\ARM_GCC_473\Debug\Cm0Start.o
 .debug_loc     0x00000200      0x1a8 .\CortexM0\ARM_GCC_473\Debug\EYESAT_EPM.a(cyfitter_cfg.o)
 .debug_loc     0x000003a8      0x140 .\CortexM0\ARM_GCC_473\Debug\EYESAT_EPM.a(I2CS.o)
 .debug_loc     0x000004e8       0xb0 .\CortexM0\ARM_GCC_473\Debug\EYESAT_EPM.a(I2CS_I2C.o)
 .debug_loc     0x00000598      0x22c .\CortexM0\ARM_GCC_473\Debug\EYESAT_EPM.a(I2CS_I2C_SLAVE.o)
 .debug_loc     0x000007c4       0x58 .\CortexM0\ARM_GCC_473\Debug\EYESAT_EPM.a(I2CS_PM.o)
 .debug_loc     0x0000081c      0x284 .\CortexM0\ARM_GCC_473\Debug\EYESAT_EPM.a(PWM.o)
 .debug_loc     0x00000aa0       0x64 .\CortexM0\ARM_GCC_473\Debug\EYESAT_EPM.a(Control_Reg.o)
 .debug_loc     0x00000b04      0x2a4 .\CortexM0\ARM_GCC_473\Debug\EYESAT_EPM.a(Counter_1.o)
 .debug_loc     0x00000da8      0x100 .\CortexM0\ARM_GCC_473\Debug\EYESAT_EPM.a(hall.o)
 .debug_loc     0x00000ea8       0x92 .\CortexM0\ARM_GCC_473\Debug\EYESAT_EPM.a(EEPROM.o)
 .debug_loc     0x00000f3a      0x18a .\CortexM0\ARM_GCC_473\Debug\EYESAT_EPM.a(CyFlash.o)
 .debug_loc     0x000010c4      0xa34 .\CortexM0\ARM_GCC_473\Debug\EYESAT_EPM.a(CyLib.o)
 .debug_loc     0x00001af8      0x1b4 .\CortexM0\ARM_GCC_473\Debug\EYESAT_EPM.a(cyPm.o)
 .debug_loc     0x00001cac       0x38 .\CortexM0\ARM_GCC_473\Debug\EYESAT_EPM.a(I2CS_I2C_INT.o)

.debug_macinfo
 *(.debug_macinfo)

.debug_ranges   0x00000000      0x500
 *(.debug_ranges)
 .debug_ranges  0x00000000       0x30 .\CortexM0\ARM_GCC_473\Debug\main.o
 .debug_ranges  0x00000030       0x30 .\CortexM0\ARM_GCC_473\Debug\Cm0Start.o
 .debug_ranges  0x00000060       0x48 .\CortexM0\ARM_GCC_473\Debug\EYESAT_EPM.a(cyfitter_cfg.o)
 .debug_ranges  0x000000a8       0x40 .\CortexM0\ARM_GCC_473\Debug\EYESAT_EPM.a(I2CS.o)
 .debug_ranges  0x000000e8       0x28 .\CortexM0\ARM_GCC_473\Debug\EYESAT_EPM.a(I2CS_I2C.o)
 .debug_ranges  0x00000110       0x60 .\CortexM0\ARM_GCC_473\Debug\EYESAT_EPM.a(I2CS_I2C_SLAVE.o)
 .debug_ranges  0x00000170       0x18 .\CortexM0\ARM_GCC_473\Debug\EYESAT_EPM.a(I2CS_PM.o)
 .debug_ranges  0x00000188       0x70 .\CortexM0\ARM_GCC_473\Debug\EYESAT_EPM.a(PWM.o)
 .debug_ranges  0x000001f8       0x18 .\CortexM0\ARM_GCC_473\Debug\EYESAT_EPM.a(Control_Reg.o)
 .debug_ranges  0x00000210       0x78 .\CortexM0\ARM_GCC_473\Debug\EYESAT_EPM.a(Counter_1.o)
 .debug_ranges  0x00000288       0x30 .\CortexM0\ARM_GCC_473\Debug\EYESAT_EPM.a(hall.o)
 .debug_ranges  0x000002b8       0x20 .\CortexM0\ARM_GCC_473\Debug\EYESAT_EPM.a(EEPROM.o)
 .debug_ranges  0x000002d8       0x40 .\CortexM0\ARM_GCC_473\Debug\EYESAT_EPM.a(CyFlash.o)
 .debug_ranges  0x00000318      0x190 .\CortexM0\ARM_GCC_473\Debug\EYESAT_EPM.a(CyLib.o)
 .debug_ranges  0x000004a8       0x48 .\CortexM0\ARM_GCC_473\Debug\EYESAT_EPM.a(cyPm.o)
 .debug_ranges  0x000004f0       0x10 .\CortexM0\ARM_GCC_473\Debug\EYESAT_EPM.a(I2CS_I2C_INT.o)

.comment        0x00000000       0x70
 .comment       0x00000000       0x70 .\CortexM0\ARM_GCC_473\Debug\main.o
                                 0x71 (size before relaxing)
 .comment       0x00000000       0x71 .\CortexM0\ARM_GCC_473\Debug\cymetadata.o
 .comment       0x00000000       0x71 .\CortexM0\ARM_GCC_473\Debug\Cm0Start.o
 .comment       0x00000000       0x71 .\CortexM0\ARM_GCC_473\Debug\EYESAT_EPM.a(cyfitter_cfg.o)
 .comment       0x00000000       0x71 .\CortexM0\ARM_GCC_473\Debug\EYESAT_EPM.a(I2CS.o)
 .comment       0x00000000       0x71 .\CortexM0\ARM_GCC_473\Debug\EYESAT_EPM.a(I2CS_I2C.o)
 .comment       0x00000000       0x71 .\CortexM0\ARM_GCC_473\Debug\EYESAT_EPM.a(I2CS_I2C_SLAVE.o)
 .comment       0x00000000       0x71 .\CortexM0\ARM_GCC_473\Debug\EYESAT_EPM.a(I2CS_PM.o)
 .comment       0x00000000       0x71 .\CortexM0\ARM_GCC_473\Debug\EYESAT_EPM.a(PWM.o)
 .comment       0x00000000       0x71 .\CortexM0\ARM_GCC_473\Debug\EYESAT_EPM.a(Control_Reg.o)
 .comment       0x00000000       0x71 .\CortexM0\ARM_GCC_473\Debug\EYESAT_EPM.a(Counter_1.o)
 .comment       0x00000000       0x71 .\CortexM0\ARM_GCC_473\Debug\EYESAT_EPM.a(hall.o)
 .comment       0x00000000       0x71 .\CortexM0\ARM_GCC_473\Debug\EYESAT_EPM.a(EEPROM.o)
 .comment       0x00000000       0x71 .\CortexM0\ARM_GCC_473\Debug\EYESAT_EPM.a(CyFlash.o)
 .comment       0x00000000       0x71 .\CortexM0\ARM_GCC_473\Debug\EYESAT_EPM.a(CyLib.o)
 .comment       0x00000000       0x71 .\CortexM0\ARM_GCC_473\Debug\EYESAT_EPM.a(cyPm.o)
 .comment       0x00000000       0x71 .\CortexM0\ARM_GCC_473\Debug\EYESAT_EPM.a(I2CS_I2C_INT.o)

.debug_weaknames
 *(.debug_weaknames)

.debug_funcnames
 *(.debug_funcnames)

.debug_typenames
 *(.debug_typenames)

.debug_varnames
 *(.debug_varnames)

.note.gnu.arm.ident
 *(.note.gnu.arm.ident)

.ARM.attributes
                0x00000000       0x28
 *(.ARM.attributes)
 .ARM.attributes
                0x00000000       0x1e f:/appli/cypress/psoc creator/3.0/psoc creator/import/gnu_cs/arm/4.7.3/bin/../lib/gcc/arm-none-eabi/4.7.3/armv6-m/crti.o
 .ARM.attributes
                0x0000001e       0x2c f:/appli/cypress/psoc creator/3.0/psoc creator/import/gnu_cs/arm/4.7.3/bin/../lib/gcc/arm-none-eabi/4.7.3/armv6-m/crtbegin.o
 .ARM.attributes
                0x0000004a       0x1c f:/appli/cypress/psoc creator/3.0/psoc creator/import/gnu_cs/arm/4.7.3/bin/../lib/gcc/arm-none-eabi/4.7.3/../../../../arm-none-eabi/lib/armv6-m/crt0.o
 .ARM.attributes
                0x00000066       0x31 .\CortexM0\ARM_GCC_473\Debug\main.o
 .ARM.attributes
                0x00000097       0x31 .\CortexM0\ARM_GCC_473\Debug\cymetadata.o
 .ARM.attributes
                0x000000c8       0x31 .\CortexM0\ARM_GCC_473\Debug\Cm0Start.o
 .ARM.attributes
                0x000000f9       0x31 .\CortexM0\ARM_GCC_473\Debug\EYESAT_EPM.a(cyfitter_cfg.o)
 .ARM.attributes
                0x0000012a       0x31 .\CortexM0\ARM_GCC_473\Debug\EYESAT_EPM.a(I2CS.o)
 .ARM.attributes
                0x0000015b       0x31 .\CortexM0\ARM_GCC_473\Debug\EYESAT_EPM.a(I2CS_I2C.o)
 .ARM.attributes
                0x0000018c       0x31 .\CortexM0\ARM_GCC_473\Debug\EYESAT_EPM.a(I2CS_I2C_SLAVE.o)
 .ARM.attributes
                0x000001bd       0x31 .\CortexM0\ARM_GCC_473\Debug\EYESAT_EPM.a(I2CS_PM.o)
 .ARM.attributes
                0x000001ee       0x31 .\CortexM0\ARM_GCC_473\Debug\EYESAT_EPM.a(PWM.o)
 .ARM.attributes
                0x0000021f       0x31 .\CortexM0\ARM_GCC_473\Debug\EYESAT_EPM.a(Control_Reg.o)
 .ARM.attributes
                0x00000250       0x31 .\CortexM0\ARM_GCC_473\Debug\EYESAT_EPM.a(Counter_1.o)
 .ARM.attributes
                0x00000281       0x31 .\CortexM0\ARM_GCC_473\Debug\EYESAT_EPM.a(hall.o)
 .ARM.attributes
                0x000002b2       0x31 .\CortexM0\ARM_GCC_473\Debug\EYESAT_EPM.a(EEPROM.o)
 .ARM.attributes
                0x000002e3       0x21 .\CortexM0\ARM_GCC_473\Debug\EYESAT_EPM.a(CyBootAsmGnu.o)
 .ARM.attributes
                0x00000304       0x31 .\CortexM0\ARM_GCC_473\Debug\EYESAT_EPM.a(CyFlash.o)
 .ARM.attributes
                0x00000335       0x31 .\CortexM0\ARM_GCC_473\Debug\EYESAT_EPM.a(CyLib.o)
 .ARM.attributes
                0x00000366       0x31 .\CortexM0\ARM_GCC_473\Debug\EYESAT_EPM.a(cyPm.o)
 .ARM.attributes
                0x00000397       0x31 .\CortexM0\ARM_GCC_473\Debug\EYESAT_EPM.a(I2CS_I2C_INT.o)
 .ARM.attributes
                0x000003c8       0x1e f:/appli/cypress/psoc creator/3.0/psoc creator/import/gnu_cs/arm/4.7.3/bin/../lib/gcc/arm-none-eabi/4.7.3/armv6-m\libgcc.a(_udivsi3.o)
 .ARM.attributes
                0x000003e6       0x1e f:/appli/cypress/psoc creator/3.0/psoc creator/import/gnu_cs/arm/4.7.3/bin/../lib/gcc/arm-none-eabi/4.7.3/armv6-m\libgcc.a(_divsi3.o)
 .ARM.attributes
                0x00000404       0x1e f:/appli/cypress/psoc creator/3.0/psoc creator/import/gnu_cs/arm/4.7.3/bin/../lib/gcc/arm-none-eabi/4.7.3/armv6-m\libgcc.a(_dvmd_tls.o)
 .ARM.attributes
                0x00000422       0x2c f:/appli/cypress/psoc creator/3.0/psoc creator/import/gnu_cs/arm/4.7.3/bin/../lib/gcc/arm-none-eabi/4.7.3/../../../../arm-none-eabi/lib/armv6-m\libc_s.a(lib_a-__atexit2.o)
 .ARM.attributes
                0x0000044e       0x2c f:/appli/cypress/psoc creator/3.0/psoc creator/import/gnu_cs/arm/4.7.3/bin/../lib/gcc/arm-none-eabi/4.7.3/../../../../arm-none-eabi/lib/armv6-m\libc_s.a(lib_a-exit.o)
 .ARM.attributes
                0x0000047a       0x2c f:/appli/cypress/psoc creator/3.0/psoc creator/import/gnu_cs/arm/4.7.3/bin/../lib/gcc/arm-none-eabi/4.7.3/../../../../arm-none-eabi/lib/armv6-m\libc_s.a(lib_a-fini.o)
 .ARM.attributes
                0x000004a6       0x2c f:/appli/cypress/psoc creator/3.0/psoc creator/import/gnu_cs/arm/4.7.3/bin/../lib/gcc/arm-none-eabi/4.7.3/../../../../arm-none-eabi/lib/armv6-m\libc_s.a(lib_a-impure.o)
 .ARM.attributes
                0x000004d2       0x2c f:/appli/cypress/psoc creator/3.0/psoc creator/import/gnu_cs/arm/4.7.3/bin/../lib/gcc/arm-none-eabi/4.7.3/../../../../arm-none-eabi/lib/armv6-m\libc_s.a(lib_a-init.o)
 .ARM.attributes
                0x000004fe       0x2c f:/appli/cypress/psoc creator/3.0/psoc creator/import/gnu_cs/arm/4.7.3/bin/../lib/gcc/arm-none-eabi/4.7.3/../../../../arm-none-eabi/lib/armv6-m\libc_s.a(lib_a-memcpy.o)
 .ARM.attributes
                0x0000052a       0x2c f:/appli/cypress/psoc creator/3.0/psoc creator/import/gnu_cs/arm/4.7.3/bin/../lib/gcc/arm-none-eabi/4.7.3/../../../../arm-none-eabi/lib/armv6-m\libc_s.a(lib_a-memset.o)
 .ARM.attributes
                0x00000556       0x2c f:/appli/cypress/psoc creator/3.0/psoc creator/import/gnu_cs/arm/4.7.3/bin/../lib/gcc/arm-none-eabi/4.7.3/armv6-m/crtend.o
 .ARM.attributes
                0x00000582       0x1e f:/appli/cypress/psoc creator/3.0/psoc creator/import/gnu_cs/arm/4.7.3/bin/../lib/gcc/arm-none-eabi/4.7.3/armv6-m/crtn.o

/DISCARD/
 *(.note.GNU-stack)
OUTPUT(.\CortexM0\ARM_GCC_473\Debug\EYESAT_EPM.elf elf32-littlearm)
